Component: ARM Compiler 5.06 update 6 (build 750) Tool: armlink [4d35ed]

==============================================================================

Section Cross References

    startup_stm32f303xe.o(RESET) refers to startup_stm32f303xe.o(STACK) for __initial_sp
    startup_stm32f303xe.o(RESET) refers to startup_stm32f303xe.o(.text) for Reset_Handler
    startup_stm32f303xe.o(RESET) refers to stm32f3xx_it.o(i.NMI_Handler) for NMI_Handler
    startup_stm32f303xe.o(RESET) refers to stm32f3xx_it.o(i.HardFault_Handler) for HardFault_Handler
    startup_stm32f303xe.o(RESET) refers to stm32f3xx_it.o(i.MemManage_Handler) for MemManage_Handler
    startup_stm32f303xe.o(RESET) refers to stm32f3xx_it.o(i.BusFault_Handler) for BusFault_Handler
    startup_stm32f303xe.o(RESET) refers to stm32f3xx_it.o(i.UsageFault_Handler) for UsageFault_Handler
    startup_stm32f303xe.o(RESET) refers to stm32f3xx_it.o(i.SVC_Handler) for SVC_Handler
    startup_stm32f303xe.o(RESET) refers to stm32f3xx_it.o(i.DebugMon_Handler) for DebugMon_Handler
    startup_stm32f303xe.o(RESET) refers to stm32f3xx_it.o(i.PendSV_Handler) for PendSV_Handler
    startup_stm32f303xe.o(RESET) refers to stm32f3xx_it.o(i.SysTick_Handler) for SysTick_Handler
    startup_stm32f303xe.o(RESET) refers to stm32f3xx_it.o(i.UART4_IRQHandler) for UART4_IRQHandler
    startup_stm32f303xe.o(RESET) refers to stm32f3xx_it.o(i.UART5_IRQHandler) for UART5_IRQHandler
    startup_stm32f303xe.o(.text) refers to system_stm32f3xx.o(i.SystemInit) for SystemInit
    startup_stm32f303xe.o(.text) refers to entry.o(.ARM.Collect$$$$00000000) for __main
    main.o(i.HAL_UART_RxCpltCallback) refers to stm32f3xx_hal_uart.o(i.HAL_UART_Receive) for HAL_UART_Receive
    main.o(i.HAL_UART_RxCpltCallback) refers to printfa.o(i.__0printf) for __2printf
    main.o(i.HAL_UART_RxCpltCallback) refers to main.o(.bss) for .bss
    main.o(i.MX_GPIO_Init) refers to memseta.o(.text) for __aeabi_memclr4
    main.o(i.MX_GPIO_Init) refers to stm32f3xx_hal_gpio.o(i.HAL_GPIO_Init) for HAL_GPIO_Init
    main.o(i.MX_UART4_Init) refers to stm32f3xx_hal_uart.o(i.HAL_UART_Init) for HAL_UART_Init
    main.o(i.MX_UART4_Init) refers to main.o(.bss) for .bss
    main.o(i.MX_UART5_Init) refers to stm32f3xx_hal_uart.o(i.HAL_UART_Init) for HAL_UART_Init
    main.o(i.MX_UART5_Init) refers to main.o(.bss) for .bss
    main.o(i.SystemClock_Config) refers to memseta.o(.text) for __aeabi_memclr4
    main.o(i.SystemClock_Config) refers to stm32f3xx_hal_rcc.o(i.HAL_RCC_OscConfig) for HAL_RCC_OscConfig
    main.o(i.SystemClock_Config) refers to stm32f3xx_hal_rcc.o(i.HAL_RCC_ClockConfig) for HAL_RCC_ClockConfig
    main.o(i.SystemClock_Config) refers to stm32f3xx_hal_rcc_ex.o(i.HAL_RCCEx_PeriphCLKConfig) for HAL_RCCEx_PeriphCLKConfig
    main.o(i.float_to_char) refers to printfa.o(i.__0snprintf) for __2snprintf
    main.o(i.float_to_char) refers to main.o(.data) for .data
    main.o(i.float_to_char) refers to main.o(.bss) for .bss
    main.o(i.main) refers to stm32f3xx_hal.o(i.HAL_Init) for HAL_Init
    main.o(i.main) refers to main.o(i.SystemClock_Config) for SystemClock_Config
    main.o(i.main) refers to main.o(i.MX_GPIO_Init) for MX_GPIO_Init
    main.o(i.main) refers to main.o(i.MX_UART4_Init) for MX_UART4_Init
    main.o(i.main) refers to main.o(i.MX_UART5_Init) for MX_UART5_Init
    main.o(i.main) refers to stm32f3xx_hal_uart.o(i.HAL_UART_Receive_IT) for HAL_UART_Receive_IT
    main.o(i.main) refers to printfa.o(i.__0printf) for __2printf
    main.o(i.main) refers to atof.o(i.__hardfp_atof) for __hardfp_atof
    main.o(i.main) refers to ddiv.o(.text) for __aeabi_ddiv
    main.o(i.main) refers to dadd.o(.text) for __aeabi_dadd
    main.o(i.main) refers to d2f.o(.text) for __aeabi_d2f
    main.o(i.main) refers to stm32f3xx_hal_gpio.o(i.HAL_GPIO_ReadPin) for HAL_GPIO_ReadPin
    main.o(i.main) refers to f2d.o(.text) for __aeabi_f2d
    main.o(i.main) refers to dmul.o(.text) for __aeabi_dmul
    main.o(i.main) refers to atan.o(i.__hardfp_atan) for __hardfp_atan
    main.o(i.main) refers to main.o(i.float_to_char) for float_to_char
    main.o(i.main) refers to stm32f3xx_hal_uart.o(i.HAL_UART_Transmit) for HAL_UART_Transmit
    main.o(i.main) refers to stm32f3xx_hal.o(i.HAL_Delay) for HAL_Delay
    main.o(i.main) refers to main.o(.bss) for .bss
    main.o(i.main) refers to main.o(.data) for .data
    stm32f3xx_it.o(i.SysTick_Handler) refers to stm32f3xx_hal.o(i.HAL_IncTick) for HAL_IncTick
    stm32f3xx_it.o(i.UART4_IRQHandler) refers to stm32f3xx_hal_uart.o(i.HAL_UART_IRQHandler) for HAL_UART_IRQHandler
    stm32f3xx_it.o(i.UART4_IRQHandler) refers to main.o(.bss) for huart4
    stm32f3xx_it.o(i.UART5_IRQHandler) refers to stm32f3xx_hal_uart.o(i.HAL_UART_IRQHandler) for HAL_UART_IRQHandler
    stm32f3xx_it.o(i.UART5_IRQHandler) refers to main.o(.bss) for huart5
    stm32f3xx_hal_msp.o(i.HAL_UART_MspDeInit) refers to stm32f3xx_hal_gpio.o(i.HAL_GPIO_DeInit) for HAL_GPIO_DeInit
[...]
    Removing stm32f3xx_hal_uart.o(i.UART_DMATxHalfCplt), (10 bytes).
    Removing stm32f3xx_hal_uart.o(i.UART_DMATxOnlyAbortCallback), (22 bytes).
    Removing stm32f3xx_hal_uart.o(i.UART_EndTxTransfer), (18 bytes).
    Removing stm32f3xx_hal_uart.o(i.UART_Wakeup_AddressConfig), (30 bytes).
    Removing stm32f3xx_hal_uart_ex.o(.rev16_text), (4 bytes).
    Removing stm32f3xx_hal_uart_ex.o(.revsh_text), (4 bytes).
    Removing stm32f3xx_hal_uart_ex.o(.rrx_text), (6 bytes).
    Removing stm32f3xx_hal_uart_ex.o(i.HAL_MultiProcessorEx_AddressLength_Set), (48 bytes).
    Removing stm32f3xx_hal_uart_ex.o(i.HAL_RS485Ex_Init), (140 bytes).
    Removing stm32f3xx_hal_uart_ex.o(i.HAL_UARTEx_DisableStopMode), (46 bytes).
    Removing stm32f3xx_hal_uart_ex.o(i.HAL_UARTEx_EnableStopMode), (46 bytes).
    Removing stm32f3xx_hal_uart_ex.o(i.HAL_UARTEx_StopModeWakeUpSourceConfig), (118 bytes).
    Removing stm32f3xx_hal.o(.rev16_text), (4 bytes).
    Removing stm32f3xx_hal.o(.revsh_text), (4 bytes).
    Removing stm32f3xx_hal.o(.rrx_text), (6 bytes).
    Removing stm32f3xx_hal.o(i.HAL_DBGMCU_DisableDBGSleepMode), (16 bytes).
    Removing stm32f3xx_hal.o(i.HAL_DBGMCU_DisableDBGStandbyMode), (16 bytes).
    Removing stm32f3xx_hal.o(i.HAL_DBGMCU_DisableDBGStopMode), (16 bytes).
    Removing stm32f3xx_hal.o(i.HAL_DBGMCU_EnableDBGSleepMode), (16 bytes).
    Removing stm32f3xx_hal.o(i.HAL_DBGMCU_EnableDBGStandbyMode), (16 bytes).
    Removing stm32f3xx_hal.o(i.HAL_DBGMCU_EnableDBGStopMode), (16 bytes).
    Removing stm32f3xx_hal.o(i.HAL_DeInit), (36 bytes).
    Removing stm32f3xx_hal.o(i.HAL_GetDEVID), (16 bytes).
    Removing stm32f3xx_hal.o(i.HAL_GetHalVersion), (8 bytes).
    Removing stm32f3xx_hal.o(i.HAL_GetREVID), (12 bytes).
    Removing stm32f3xx_hal.o(i.HAL_GetTickFreq), (12 bytes).
    Removing stm32f3xx_hal.o(i.HAL_GetTickPrio), (12 bytes).
    Removing stm32f3xx_hal.o(i.HAL_GetUIDw0), (12 bytes).
    Removing stm32f3xx_hal.o(i.HAL_GetUIDw1), (12 bytes).
    Removing stm32f3xx_hal.o(i.HAL_GetUIDw2), (12 bytes).
    Removing stm32f3xx_hal.o(i.HAL_MspDeInit), (2 bytes).
    Removing stm32f3xx_hal.o(i.HAL_MspInit), (2 bytes).
    Removing stm32f3xx_hal.o(i.HAL_ResumeTick), (14 bytes).
    Removing stm32f3xx_hal.o(i.HAL_SetTickFreq), (28 bytes).
    Removing stm32f3xx_hal.o(i.HAL_SuspendTick), (14 bytes).
    Removing stm32f3xx_hal_rcc.o(.rev16_text), (4 bytes).
    Removing stm32f3xx_hal_rcc.o(.revsh_text), (4 bytes).
    Removing stm32f3xx_hal_rcc.o(.rrx_text), (6 bytes).
    Removing stm32f3xx_hal_rcc.o(i.HAL_RCC_CSSCallback), (2 bytes).
    Removing stm32f3xx_hal_rcc.o(i.HAL_RCC_DeInit), (216 bytes).
    Removing stm32f3xx_hal_rcc.o(i.HAL_RCC_DisableCSS), (28 bytes).
    Removing stm32f3xx_hal_rcc.o(i.HAL_RCC_EnableCSS), (24 bytes).
    Removing stm32f3xx_hal_rcc.o(i.HAL_RCC_GetClockConfig), (64 bytes).
    Removing stm32f3xx_hal_rcc.o(i.HAL_RCC_GetHCLKFreq), (12 bytes).
    Removing stm32f3xx_hal_rcc.o(i.HAL_RCC_GetOscConfig), (152 bytes).
    Removing stm32f3xx_hal_rcc.o(i.HAL_RCC_MCOConfig), (76 bytes).
    Removing stm32f3xx_hal_rcc.o(i.HAL_RCC_NMI_IRQHandler), (24 bytes).
    Removing stm32f3xx_hal_rcc_ex.o(.rev16_text), (4 bytes).
    Removing stm32f3xx_hal_rcc_ex.o(.revsh_text), (4 bytes).
    Removing stm32f3xx_hal_rcc_ex.o(.rrx_text), (6 bytes).
    Removing stm32f3xx_hal_rcc_ex.o(i.HAL_RCCEx_GetPeriphCLKConfig), (300 bytes).
    Removing stm32f3xx_hal_rcc_ex.o(i.HAL_RCCEx_GetPeriphCLKFreq), (724 bytes).
    Removing stm32f3xx_hal_rcc_ex.o(i.RCC_GetPLLCLKFreq), (48 bytes).
    Removing stm32f3xx_hal_rcc_ex.o(.constdata), (32 bytes).
    Removing stm32f3xx_hal_gpio.o(.rev16_text), (4 bytes).
    Removing stm32f3xx_hal_gpio.o(.revsh_text), (4 bytes).
    Removing stm32f3xx_hal_gpio.o(.rrx_text), (6 bytes).
    Removing stm32f3xx_hal_gpio.o(i.HAL_GPIO_DeInit), (320 bytes).
    Removing stm32f3xx_hal_gpio.o(i.HAL_GPIO_EXTI_Callback), (2 bytes).
    Removing stm32f3xx_hal_gpio.o(i.HAL_GPIO_EXTI_IRQHandler), (24 bytes).
    Removing stm32f3xx_hal_gpio.o(i.HAL_GPIO_LockPin), (34 bytes).
    Removing stm32f3xx_hal_gpio.o(i.HAL_GPIO_TogglePin), (8 bytes).
    Removing stm32f3xx_hal_gpio.o(i.HAL_GPIO_WritePin), (10 bytes).
    Removing stm32f3xx_hal_dma.o(.rev16_text), (4 bytes).
    Removing stm32f3xx_hal_dma.o(.revsh_text), (4 bytes).
    Removing stm32f3xx_hal_dma.o(.rrx_text), (6 bytes).
    Removing stm32f3xx_hal_dma.o(i.DMA_CalcBaseAndBitshift), (60 bytes).
    Removing stm32f3xx_hal_dma.o(i.DMA_SetConfig), (42 bytes).
    Removing stm32f3xx_hal_dma.o(i.HAL_DMA_Abort), (48 bytes).
    Removing stm32f3xx_hal_dma.o(i.HAL_DMA_DeInit), (78 bytes).
    Removing stm32f3xx_hal_dma.o(i.HAL_DMA_GetError), (4 bytes).
    Removing stm32f3xx_hal_dma.o(i.HAL_DMA_GetState), (6 bytes).
    Removing stm32f3xx_hal_dma.o(i.HAL_DMA_IRQHandler), (168 bytes).
    Removing stm32f3xx_hal_dma.o(i.HAL_DMA_Init), (78 bytes).
    Removing stm32f3xx_hal_dma.o(i.HAL_DMA_PollForTransfer), (206 bytes).
    Removing stm32f3xx_hal_dma.o(i.HAL_DMA_RegisterCallback), (74 bytes).
    Removing stm32f3xx_hal_dma.o(i.HAL_DMA_Start), (80 bytes).
    Removing stm32f3xx_hal_dma.o(i.HAL_DMA_Start_IT), (112 bytes).
    Removing stm32f3xx_hal_dma.o(i.HAL_DMA_UnRegisterCallback), (82 bytes).
    Removing stm32f3xx_hal_cortex.o(.rev16_text), (4 bytes).
    Removing stm32f3xx_hal_cortex.o(.revsh_text), (4 bytes).
    Removing stm32f3xx_hal_cortex.o(.rrx_text), (6 bytes).
    Removing stm32f3xx_hal_cortex.o(i.HAL_MPU_ConfigRegion), (84 bytes).
    Removing stm32f3xx_hal_cortex.o(i.HAL_MPU_Disable), (24 bytes).
    Removing stm32f3xx_hal_cortex.o(i.HAL_MPU_Enable), (28 bytes).
    Removing stm32f3xx_hal_cortex.o(i.HAL_NVIC_ClearPendingIRQ), (22 bytes).
    Removing stm32f3xx_hal_cortex.o(i.HAL_NVIC_DisableIRQ), (22 bytes).
    Removing stm32f3xx_hal_cortex.o(i.HAL_NVIC_GetActive), (32 bytes).
    Removing stm32f3xx_hal_cortex.o(i.HAL_NVIC_GetPendingIRQ), (32 bytes).
    Removing stm32f3xx_hal_cortex.o(i.HAL_NVIC_GetPriority), (82 bytes).
    Removing stm32f3xx_hal_cortex.o(i.HAL_NVIC_GetPriorityGrouping), (16 bytes).
    Removing stm32f3xx_hal_cortex.o(i.HAL_NVIC_SetPendingIRQ), (22 bytes).
    Removing stm32f3xx_hal_cortex.o(i.HAL_NVIC_SystemReset), (36 bytes).
    Removing stm32f3xx_hal_cortex.o(i.HAL_SYSTICK_CLKSourceConfig), (24 bytes).
    Removing stm32f3xx_hal_cortex.o(i.HAL_SYSTICK_Callback), (2 bytes).
    Removing stm32f3xx_hal_cortex.o(i.HAL_SYSTICK_IRQHandler), (8 bytes).
    Removing stm32f3xx_hal_pwr.o(.rev16_text), (4 bytes).
    Removing stm32f3xx_hal_pwr.o(.revsh_text), (4 bytes).
    Removing stm32f3xx_hal_pwr.o(.rrx_text), (6 bytes).
    Removing stm32f3xx_hal_pwr.o(i.HAL_PWR_DeInit), (24 bytes).
    Removing stm32f3xx_hal_pwr.o(i.HAL_PWR_DisableBkUpAccess), (16 bytes).
    Removing stm32f3xx_hal_pwr.o(i.HAL_PWR_DisableSEVOnPend), (16 bytes).
    Removing stm32f3xx_hal_pwr.o(i.HAL_PWR_DisableSleepOnExit), (16 bytes).
    Removing stm32f3xx_hal_pwr.o(i.HAL_PWR_DisableWakeUpPin), (16 bytes).
    Removing stm32f3xx_hal_pwr.o(i.HAL_PWR_EnableBkUpAccess), (16 bytes).
    Removing stm32f3xx_hal_pwr.o(i.HAL_PWR_EnableSEVOnPend), (16 bytes).
    Removing stm32f3xx_hal_pwr.o(i.HAL_PWR_EnableSleepOnExit), (16 bytes).
    Removing stm32f3xx_hal_pwr.o(i.HAL_PWR_EnableWakeUpPin), (16 bytes).
    Removing stm32f3xx_hal_pwr.o(i.HAL_PWR_EnterSLEEPMode), (32 bytes).
    Removing stm32f3xx_hal_pwr.o(i.HAL_PWR_EnterSTANDBYMode), (32 bytes).
    Removing stm32f3xx_hal_pwr.o(i.HAL_PWR_EnterSTOPMode), (56 bytes).
    Removing stm32f3xx_hal_pwr_ex.o(.rev16_text), (4 bytes).
    Removing stm32f3xx_hal_pwr_ex.o(.revsh_text), (4 bytes).
    Removing stm32f3xx_hal_pwr_ex.o(.rrx_text), (6 bytes).
    Removing stm32f3xx_hal_pwr_ex.o(i.HAL_PWR_ConfigPVD), (124 bytes).
    Removing stm32f3xx_hal_pwr_ex.o(i.HAL_PWR_DisablePVD), (16 bytes).
    Removing stm32f3xx_hal_pwr_ex.o(i.HAL_PWR_EnablePVD), (16 bytes).
    Removing stm32f3xx_hal_pwr_ex.o(i.HAL_PWR_PVDCallback), (2 bytes).
    Removing stm32f3xx_hal_pwr_ex.o(i.HAL_PWR_PVD_IRQHandler), (28 bytes).
    Removing stm32f3xx_hal_flash.o(.rev16_text), (4 bytes).
    Removing stm32f3xx_hal_flash.o(.revsh_text), (4 bytes).
    Removing stm32f3xx_hal_flash.o(.rrx_text), (6 bytes).
    Removing stm32f3xx_hal_flash.o(i.FLASH_Program_HalfWord), (28 bytes).
    Removing stm32f3xx_hal_flash.o(i.FLASH_SetErrorCode), (52 bytes).
    Removing stm32f3xx_hal_flash.o(i.FLASH_WaitForLastOperation), (80 bytes).
    Removing stm32f3xx_hal_flash.o(i.HAL_FLASH_EndOfOperationCallback), (2 bytes).
    Removing stm32f3xx_hal_flash.o(i.HAL_FLASH_GetError), (12 bytes).
    Removing stm32f3xx_hal_flash.o(i.HAL_FLASH_IRQHandler), (264 bytes).
    Removing stm32f3xx_hal_flash.o(i.HAL_FLASH_Lock), (20 bytes).
    Removing stm32f3xx_hal_flash.o(i.HAL_FLASH_OB_Launch), (24 bytes).
    Removing stm32f3xx_hal_flash.o(i.HAL_FLASH_OB_Lock), (20 bytes).
    Removing stm32f3xx_hal_flash.o(i.HAL_FLASH_OB_Unlock), (36 bytes).
    Removing stm32f3xx_hal_flash.o(i.HAL_FLASH_OperationErrorCallback), (2 bytes).
    Removing stm32f3xx_hal_flash.o(i.HAL_FLASH_Program), (128 bytes).
    Removing stm32f3xx_hal_flash.o(i.HAL_FLASH_Program_IT), (100 bytes).
    Removing stm32f3xx_hal_flash.o(i.HAL_FLASH_Unlock), (40 bytes).
    Removing stm32f3xx_hal_flash.o(.bss), (32 bytes).
    Removing stm32f3xx_hal_flash_ex.o(.rev16_text), (4 bytes).
    Removing stm32f3xx_hal_flash_ex.o(.revsh_text), (4 bytes).
    Removing stm32f3xx_hal_flash_ex.o(.rrx_text), (6 bytes).
    Removing stm32f3xx_hal_flash_ex.o(i.FLASH_MassErase), (36 bytes).
    Removing stm32f3xx_hal_flash_ex.o(i.FLASH_OB_DisableWRP), (176 bytes).
    Removing stm32f3xx_hal_flash_ex.o(i.FLASH_OB_EnableWRP), (176 bytes).
    Removing stm32f3xx_hal_flash_ex.o(i.FLASH_OB_GetRDP), (32 bytes).
    Removing stm32f3xx_hal_flash_ex.o(i.FLASH_OB_RDP_LevelConfig), (100 bytes).
    Removing stm32f3xx_hal_flash_ex.o(i.FLASH_PageErase), (36 bytes).
    Removing stm32f3xx_hal_flash_ex.o(i.HAL_FLASHEx_Erase), (168 bytes).
    Removing stm32f3xx_hal_flash_ex.o(i.HAL_FLASHEx_Erase_IT), (84 bytes).
    Removing stm32f3xx_hal_flash_ex.o(i.HAL_FLASHEx_OBErase), (84 bytes).
    Removing stm32f3xx_hal_flash_ex.o(i.HAL_FLASHEx_OBGetConfig), (48 bytes).
    Removing stm32f3xx_hal_flash_ex.o(i.HAL_FLASHEx_OBGetUserData), (48 bytes).
    Removing stm32f3xx_hal_flash_ex.o(i.HAL_FLASHEx_OBProgram), (200 bytes).
    Removing stm32f3xx_hal_i2c.o(.rev16_text), (4 bytes).
    Removing stm32f3xx_hal_i2c.o(.revsh_text), (4 bytes).
    Removing stm32f3xx_hal_i2c.o(.rrx_text), (6 bytes).
    Removing stm32f3xx_hal_i2c.o(i.HAL_I2C_AbortCpltCallback), (2 bytes).
    Removing stm32f3xx_hal_i2c.o(i.HAL_I2C_AddrCallback), (2 bytes).
    Removing stm32f3xx_hal_i2c.o(i.HAL_I2C_DeInit), (50 bytes).
    Removing stm32f3xx_hal_i2c.o(i.HAL_I2C_DisableListen_IT), (54 bytes).
    Removing stm32f3xx_hal_i2c.o(i.HAL_I2C_ER_IRQHandler), (98 bytes).
    Removing stm32f3xx_hal_i2c.o(i.HAL_I2C_EV_IRQHandler), (16 bytes).
    Removing stm32f3xx_hal_i2c.o(i.HAL_I2C_EnableListen_IT), (40 bytes).
    Removing stm32f3xx_hal_i2c.o(i.HAL_I2C_ErrorCallback), (2 bytes).
    Removing stm32f3xx_hal_i2c.o(i.HAL_I2C_GetError), (4 bytes).
    Removing stm32f3xx_hal_i2c.o(i.HAL_I2C_GetMode), (6 bytes).
    Removing stm32f3xx_hal_i2c.o(i.HAL_I2C_GetState), (6 bytes).
    Removing stm32f3xx_hal_i2c.o(i.HAL_I2C_Init), (184 bytes).
    Removing stm32f3xx_hal_i2c.o(i.HAL_I2C_IsDeviceReady), (288 bytes).
    Removing stm32f3xx_hal_i2c.o(i.HAL_I2C_ListenCpltCallback), (2 bytes).
    Removing stm32f3xx_hal_i2c.o(i.HAL_I2C_MasterRxCpltCallback), (2 bytes).
    Removing stm32f3xx_hal_i2c.o(i.HAL_I2C_MasterTxCpltCallback), (2 bytes).
    Removing stm32f3xx_hal_i2c.o(i.HAL_I2C_Master_Abort_IT), (96 bytes).
    Removing stm32f3xx_hal_i2c.o(i.HAL_I2C_Master_Receive), (304 bytes).
    Removing stm32f3xx_hal_i2c.o(i.HAL_I2C_Master_Receive_DMA), (244 bytes).
    Removing stm32f3xx_hal_i2c.o(i.HAL_I2C_Master_Receive_IT), (136 bytes).
    Removing stm32f3xx_hal_i2c.o(i.HAL_I2C_Master_Sequential_Receive_IT), (128 bytes).
    Removing stm32f3xx_hal_i2c.o(i.HAL_I2C_Master_Sequential_Transmit_IT), (124 bytes).
    Removing stm32f3xx_hal_i2c.o(i.HAL_I2C_Master_Transmit), (300 bytes).
    Removing stm32f3xx_hal_i2c.o(i.HAL_I2C_Master_Transmit_DMA), (248 bytes).
    Removing stm32f3xx_hal_i2c.o(i.HAL_I2C_Master_Transmit_IT), (136 bytes).
    Removing stm32f3xx_hal_i2c.o(i.HAL_I2C_MemRxCpltCallback), (2 bytes).
    Removing stm32f3xx_hal_i2c.o(i.HAL_I2C_MemTxCpltCallback), (2 bytes).
    Removing stm32f3xx_hal_i2c.o(i.HAL_I2C_Mem_Read), (368 bytes).
    Removing stm32f3xx_hal_i2c.o(i.HAL_I2C_Mem_Read_DMA), (264 bytes).
    Removing stm32f3xx_hal_i2c.o(i.HAL_I2C_Mem_Read_IT), (204 bytes).
    Removing stm32f3xx_hal_i2c.o(i.HAL_I2C_Mem_Write), (360 bytes).
    Removing stm32f3xx_hal_i2c.o(i.HAL_I2C_Mem_Write_DMA), (260 bytes).
    Removing stm32f3xx_hal_i2c.o(i.HAL_I2C_Mem_Write_IT), (200 bytes).
    Removing stm32f3xx_hal_i2c.o(i.HAL_I2C_MspDeInit), (2 bytes).
    Removing stm32f3xx_hal_i2c.o(i.HAL_I2C_MspInit), (2 bytes).
    Removing stm32f3xx_hal_i2c.o(i.HAL_I2C_SlaveRxCpltCallback), (2 bytes).
    Removing stm32f3xx_hal_i2c.o(i.HAL_I2C_SlaveTxCpltCallback), (2 bytes).
    Removing stm32f3xx_hal_i2c.o(i.HAL_I2C_Slave_Receive), (314 bytes).
    Removing stm32f3xx_hal_i2c.o(i.HAL_I2C_Slave_Receive_DMA), (164 bytes).
    Removing stm32f3xx_hal_i2c.o(i.HAL_I2C_Slave_Receive_IT), (92 bytes).
    Removing stm32f3xx_hal_i2c.o(i.HAL_I2C_Slave_Sequential_Receive_IT), (152 bytes).
    Removing stm32f3xx_hal_i2c.o(i.HAL_I2C_Slave_Sequential_Transmit_IT), (152 bytes).
    Removing stm32f3xx_hal_i2c.o(i.HAL_I2C_Slave_Transmit), (314 bytes).
    Removing stm32f3xx_hal_i2c.o(i.HAL_I2C_Slave_Transmit_DMA), (156 bytes).
    Removing stm32f3xx_hal_i2c.o(i.HAL_I2C_Slave_Transmit_IT), (92 bytes).
    Removing stm32f3xx_hal_i2c.o(i.I2C_DMAAbort), (50 bytes).
    Removing stm32f3xx_hal_i2c.o(i.I2C_DMAError), (18 bytes).
    Removing stm32f3xx_hal_i2c.o(i.I2C_DMAMasterReceiveCplt), (66 bytes).
    Removing stm32f3xx_hal_i2c.o(i.I2C_DMAMasterTransmitCplt), (66 bytes).
    Removing stm32f3xx_hal_i2c.o(i.I2C_DMASlaveReceiveCplt), (2 bytes).
    Removing stm32f3xx_hal_i2c.o(i.I2C_DMASlaveTransmitCplt), (2 bytes).
    Removing stm32f3xx_hal_i2c.o(i.I2C_Disable_IRQ), (86 bytes).
    Removing stm32f3xx_hal_i2c.o(i.I2C_Enable_IRQ), (96 bytes).
    Removing stm32f3xx_hal_i2c.o(i.I2C_Flush_TXDR), (34 bytes).
    Removing stm32f3xx_hal_i2c.o(i.I2C_ITAddrCplt), (136 bytes).
    Removing stm32f3xx_hal_i2c.o(i.I2C_ITError), (224 bytes).
    Removing stm32f3xx_hal_i2c.o(i.I2C_ITListenCplt), (92 bytes).
    Removing stm32f3xx_hal_i2c.o(i.I2C_ITMasterCplt), (180 bytes).
    Removing stm32f3xx_hal_i2c.o(i.I2C_ITMasterSequentialCplt), (76 bytes).
    Removing stm32f3xx_hal_i2c.o(i.I2C_ITSlaveCplt), (240 bytes).
    Removing stm32f3xx_hal_i2c.o(i.I2C_ITSlaveSequentialCplt), (84 bytes).
    Removing stm32f3xx_hal_i2c.o(i.I2C_IsAcknowledgeFailed), (124 bytes).
    Removing stm32f3xx_hal_i2c.o(i.I2C_Master_ISR_DMA), (196 bytes).
    Removing stm32f3xx_hal_i2c.o(i.I2C_Master_ISR_IT), (288 bytes).
    Removing stm32f3xx_hal_i2c.o(i.I2C_RequestMemoryRead), (112 bytes).
    Removing stm32f3xx_hal_i2c.o(i.I2C_RequestMemoryWrite), (112 bytes).
    Removing stm32f3xx_hal_i2c.o(i.I2C_Slave_ISR_DMA), (106 bytes).
    Removing stm32f3xx_hal_i2c.o(i.I2C_Slave_ISR_IT), (272 bytes).
    Removing stm32f3xx_hal_i2c.o(i.I2C_TransferConfig), (44 bytes).
    Removing stm32f3xx_hal_i2c.o(i.I2C_WaitOnFlagUntilTimeout), (82 bytes).
    Removing stm32f3xx_hal_i2c.o(i.I2C_WaitOnRXNEFlagUntilTimeout), (136 bytes).
    Removing stm32f3xx_hal_i2c.o(i.I2C_WaitOnSTOPFlagUntilTimeout), (78 bytes).
    Removing stm32f3xx_hal_i2c.o(i.I2C_WaitOnTXISFlagUntilTimeout), (82 bytes).
    Removing stm32f3xx_hal_i2c_ex.o(.rev16_text), (4 bytes).
    Removing stm32f3xx_hal_i2c_ex.o(.revsh_text), (4 bytes).
    Removing stm32f3xx_hal_i2c_ex.o(.rrx_text), (6 bytes).
    Removing stm32f3xx_hal_i2c_ex.o(i.HAL_I2CEx_ConfigAnalogFilter), (86 bytes).
    Removing stm32f3xx_hal_i2c_ex.o(i.HAL_I2CEx_ConfigDigitalFilter), (82 bytes).
    Removing stm32f3xx_hal_i2c_ex.o(i.HAL_I2CEx_DisableFastModePlus), (40 bytes).
    Removing stm32f3xx_hal_i2c_ex.o(i.HAL_I2CEx_DisableWakeUp), (78 bytes).
    Removing stm32f3xx_hal_i2c_ex.o(i.HAL_I2CEx_EnableFastModePlus), (40 bytes).
    Removing stm32f3xx_hal_i2c_ex.o(i.HAL_I2CEx_EnableWakeUp), (78 bytes).
    Removing system_stm32f3xx.o(.rev16_text), (4 bytes).
    Removing system_stm32f3xx.o(.revsh_text), (4 bytes).
    Removing system_stm32f3xx.o(.rrx_text), (6 bytes).
    Removing system_stm32f3xx.o(i.SystemCoreClockUpdate), (92 bytes).
    Removing retarget_io.o(i.ITM_ReceiveChar), (28 bytes).
    Removing retarget_io.o(i.__aeabi_assert), (144 bytes).
    Removing retarget_io.o(i.__backspace), (40 bytes).
    Removing retarget_io.o(i.abort), (2 bytes).
    Removing retarget_io.o(i.fgetc), (52 bytes).
    Removing retarget_io.o(.data), (12 bytes).
    Removing dneg.o(.text), (6 bytes).

322 unused section(s) (total 19530 bytes) removed from the image.

==============================================================================

Image Symbol Table

    Local Symbols

    Symbol Name                              Value     Ov Type        Size  Object(Section)

    ../Drivers/STM32F3xx_HAL_Driver/Src/stm32f3xx_hal.c 0x00000000   Number         0  stm32f3xx_hal.o ABSOLUTE
    ../Drivers/STM32F3xx_HAL_Driver/Src/stm32f3xx_hal_cortex.c 0x00000000   Number         0  stm32f3xx_hal_cortex.o ABSOLUTE
    ../Drivers/STM32F3xx_HAL_Driver/Src/stm32f3xx_hal_dma.c 0x00000000   Number         0  stm32f3xx_hal_dma.o ABSOLUTE
    ../Drivers/STM32F3xx_HAL_Driver/Src/stm32f3xx_hal_flash.c 0x00000000   Number         0  stm32f3xx_hal_flash.o ABSOLUTE
    ../Drivers/STM32F3xx_HAL_Driver/Src/stm32f3xx_hal_flash_ex.c 0x00000000   Number         0  stm32f3xx_hal_flash_ex.o ABSOLUTE
    ../Drivers/STM32F3xx_HAL_Driver/Src/stm32f3xx_hal_gpio.c 0x00000000   Number         0  stm32f3xx_hal_gpio.o ABSOLUTE
    ../Drivers/STM32F3xx_HAL_Driver/Src/stm32f3xx_hal_i2c.c 0x00000000   Number         0  stm32f3xx_hal_i2c.o ABSOLUTE
    ../Drivers/STM32F3xx_HAL_Driver/Src/stm32f3xx_hal_i2c_ex.c 0x00000000   Number         0  stm32f3xx_hal_i2c_ex.o ABSOLUTE
    ../Drivers/STM32F3xx_HAL_Driver/Src/stm32f3xx_hal_pwr.c 0x00000000   Number         0  stm32f3xx_hal_pwr.o ABSOLUTE
    ../Drivers/STM32F3xx_HAL_Driver/Src/stm32f3xx_hal_pwr_ex.c 0x00000000   Number         0  stm32f3xx_hal_pwr_ex.o ABSOLUTE
    ../Drivers/STM32F3xx_HAL_Driver/Src/stm32f3xx_hal_rcc.c 0x00000000   Number         0  stm32f3xx_hal_rcc.o ABSOLUTE
    ../Drivers/STM32F3xx_HAL_Driver/Src/stm32f3xx_hal_rcc_ex.c 0x00000000   Number         0  stm32f3xx_hal_rcc_ex.o ABSOLUTE
    ../Drivers/STM32F3xx_HAL_Driver/Src/stm32f3xx_hal_tim.c 0x00000000   Number         0  stm32f3xx_hal_tim.o ABSOLUTE
    ../Drivers/STM32F3xx_HAL_Driver/Src/stm32f3xx_hal_tim_ex.c 0x00000000   Number         0  stm32f3xx_hal_tim_ex.o ABSOLUTE
    ../Drivers/STM32F3xx_HAL_Driver/Src/stm32f3xx_hal_uart.c 0x00000000   Number         0  stm32f3xx_hal_uart.o ABSOLUTE
    ../Drivers/STM32F3xx_HAL_Driver/Src/stm32f3xx_hal_uart_ex.c 0x00000000   Number         0  stm32f3xx_hal_uart_ex.o ABSOLUTE
    ../Src/main.c                            0x00000000   Number         0  main.o ABSOLUTE
    ../Src/stm32f3xx_hal_msp.c               0x00000000   Number         0  stm32f3xx_hal_msp.o ABSOLUTE
    ../Src/stm32f3xx_it.c                    0x00000000   Number         0  stm32f3xx_it.o ABSOLUTE
    ../Src/system_stm32f3xx.c                0x00000000   Number         0  system_stm32f3xx.o ABSOLUTE
    ../clib/microlib/ctype/ctype.c           0x00000000   Number         0  ctype_c.o ABSOLUTE
    ../clib/microlib/ctype/ctype.c           0x00000000   Number         0  isspace_c.o ABSOLUTE
    ../clib/microlib/division.c              0x00000000   Number         0  uldiv.o ABSOLUTE
    ../clib/microlib/division.c              0x00000000   Number         0  uidiv.o ABSOLUTE
    ../clib/microlib/errno.c                 0x00000000   Number         0  errno.o ABSOLUTE
    ../clib/microlib/init/entry.s            0x00000000   Number         0  entry11b.o ABSOLUTE
    ../clib/microlib/init/entry.s            0x00000000   Number         0  entry11a.o ABSOLUTE
    ../clib/microlib/init/entry.s            0x00000000   Number         0  entry9b.o ABSOLUTE
    ../clib/microlib/init/entry.s            0x00000000   Number         0  entry10b.o ABSOLUTE
    ../clib/microlib/init/entry.s            0x00000000   Number         0  entry8b.o ABSOLUTE
    ../clib/microlib/init/entry.s            0x00000000   Number         0  entry8a.o ABSOLUTE
    ../clib/microlib/init/entry.s            0x00000000   Number         0  entry7b.o ABSOLUTE
    ../clib/microlib/init/entry.s            0x00000000   Number         0  entry7a.o ABSOLUTE
    ../clib/microlib/init/entry.s            0x00000000   Number         0  entry.o ABSOLUTE
    ../clib/microlib/init/entry.s            0x00000000   Number         0  entry5.o ABSOLUTE
    ../clib/microlib/init/entry.s            0x00000000   Number         0  entry2.o ABSOLUTE
    ../clib/microlib/init/entry.s            0x00000000   Number         0  entry9a.o ABSOLUTE
    ../clib/microlib/init/entry.s            0x00000000   Number         0  entry10a.o ABSOLUTE
    ../clib/microlib/longlong.c              0x00000000   Number         0  llsshr.o ABSOLUTE
    ../clib/microlib/longlong.c              0x00000000   Number         0  llushr.o ABSOLUTE
    ../clib/microlib/longlong.c              0x00000000   Number         0  llshl.o ABSOLUTE
    ../clib/microlib/printf/printf.c         0x00000000   Number         0  printf5.o ABSOLUTE
    ../clib/microlib/printf/printf.c         0x00000000   Number         0  printfb.o ABSOLUTE
    ../clib/microlib/printf/printf.c         0x00000000   Number         0  printfa.o ABSOLUTE
    ../clib/microlib/printf/printf.c         0x00000000   Number         0  printf3.o ABSOLUTE
    ../clib/microlib/printf/printf.c         0x00000000   Number         0  printf7.o ABSOLUTE
    ../clib/microlib/printf/printf.c         0x00000000   Number         0  printf8.o ABSOLUTE
    ../clib/microlib/printf/printf.c         0x00000000   Number         0  printf2.o ABSOLUTE
    ../clib/microlib/printf/printf.c         0x00000000   Number         0  printf1.o ABSOLUTE
    ../clib/microlib/printf/printf.c         0x00000000   Number         0  printf6.o ABSOLUTE
    ../clib/microlib/printf/printf.c         0x00000000   Number         0  printf0.o ABSOLUTE
    ../clib/microlib/printf/printf.c         0x00000000   Number         0  printf4.o ABSOLUTE
    ../clib/microlib/printf/stubs.s          0x00000000   Number         0  stubs.o ABSOLUTE
    ../clib/microlib/stdio/fputs.c           0x00000000   Number         0  fputs_e.o ABSOLUTE
    ../clib/microlib/stdio/fputs.c           0x00000000   Number         0  fputs.o ABSOLUTE
    ../clib/microlib/stdio/streams.c         0x00000000   Number         0  stderr.o ABSOLUTE
    ../clib/microlib/stdio/streams.c         0x00000000   Number         0  stdout.o ABSOLUTE
    ../clib/microlib/stdio/streams.c         0x00000000   Number         0  stdin.o ABSOLUTE
    ../clib/microlib/string/memcpy.c         0x00000000   Number         0  memcpya.o ABSOLUTE
    ../clib/microlib/string/memcpy.c         0x00000000   Number         0  memcpyb.o ABSOLUTE
    ../clib/microlib/string/memset.c         0x00000000   Number         0  memseta.o ABSOLUTE
    ../clib/microlib/stubs.s                 0x00000000   Number         0  iusefp.o ABSOLUTE
    ../clib/scanf.c                          0x00000000   Number         0  strtod.o ABSOLUTE
    ../clib/scanf.c                          0x00000000   Number         0  scanf_fp.o ABSOLUTE
    ../clib/scanf.c                          0x00000000   Number         0  _sgetc.o ABSOLUTE
    ../fplib/microlib/d2f.c                  0x00000000   Number         0  d2f.o ABSOLUTE
    ../fplib/microlib/f2d.c                  0x00000000   Number         0  f2d.o ABSOLUTE
    ../fplib/microlib/fpadd.c                0x00000000   Number         0  dadd.o ABSOLUTE
    ../fplib/microlib/fpdiv.c                0x00000000   Number         0  ddiv.o ABSOLUTE
    ../fplib/microlib/fpepilogue.c           0x00000000   Number         0  depilogue.o ABSOLUTE
    ../fplib/microlib/fpepilogue.c           0x00000000   Number         0  fepilogue.o ABSOLUTE
    ../fplib/microlib/fpfix.c                0x00000000   Number         0  dfixul.o ABSOLUTE
    ../fplib/microlib/fpflt.c                0x00000000   Number         0  dfltul.o ABSOLUTE
    ../fplib/microlib/fpmul.c                0x00000000   Number         0  dmul.o ABSOLUTE
    ../fplib/microlib/fpneg.c                0x00000000   Number         0  dneg.o ABSOLUTE
    ../mathlib/atan.c                        0x00000000   Number         0  atan_x.o ABSOLUTE
    ../mathlib/atan.c                        0x00000000   Number         0  atan.o ABSOLUTE
    ../mathlib/atof.c                        0x00000000   Number         0  atof.o ABSOLUTE
    ../mathlib/dunder.c                      0x00000000   Number         0  dunder.o ABSOLUTE
    ../mathlib/fabs.c                        0x00000000   Number         0  fabs.o ABSOLUTE
    ../mathlib/fpclassify.c                  0x00000000   Number         0  fpclassify.o ABSOLUTE
    ../mathlib/poly.c                        0x00000000   Number         0  poly.o ABSOLUTE
    ..\Drivers\STM32F3xx_HAL_Driver\Src\stm32f3xx_hal.c 0x00000000   Number         0  stm32f3xx_hal.o ABSOLUTE
    ..\Drivers\STM32F3xx_HAL_Driver\Src\stm32f3xx_hal_cortex.c 0x00000000   Number         0  stm32f3xx_hal_cortex.o ABSOLUTE
    ..\Drivers\STM32F3xx_HAL_Driver\Src\stm32f3xx_hal_dma.c 0x00000000   Number         0  stm32f3xx_hal_dma.o ABSOLUTE
    ..\Drivers\STM32F3xx_HAL_Driver\Src\stm32f3xx_hal_flash.c 0x00000000   Number         0  stm32f3xx_hal_flash.o ABSOLUTE
    ..\Drivers\STM32F3xx_HAL_Driver\Src\stm32f3xx_hal_flash_ex.c 0x00000000   Number         0  stm32f3xx_hal_flash_ex.o ABSOLUTE
    ..\Drivers\STM32F3xx_HAL_Driver\Src\stm32f3xx_hal_gpio.c 0x00000000   Number         0  stm32f3xx_hal_gpio.o ABSOLUTE
    ..\Drivers\STM32F3xx_HAL_Driver\Src\stm32f3xx_hal_i2c.c 0x00000000   Number         0  stm32f3xx_hal_i2c.o ABSOLUTE
    ..\Drivers\STM32F3xx_HAL_Driver\Src\stm32f3xx_hal_i2c_ex.c 0x00000000   Number         0  stm32f3xx_hal_i2c_ex.o ABSOLUTE
    ..\Drivers\STM32F3xx_HAL_Driver\Src\stm32f3xx_hal_pwr.c 0x00000000   Number         0  stm32f3xx_hal_pwr.o ABSOLUTE
    ..\Drivers\STM32F3xx_HAL_Driver\Src\stm32f3xx_hal_pwr_ex.c 0x00000000   Number         0  stm32f3xx_hal_pwr_ex.o ABSOLUTE
    ..\Drivers\STM32F3xx_HAL_Driver\Src\stm32f3xx_hal_rcc.c 0x00000000   Number         0  stm32f3xx_hal_rcc.o ABSOLUTE
    ..\Drivers\STM32F3xx_HAL_Driver\Src\stm32f3xx_hal_rcc_ex.c 0x00000000   Number         0  stm32f3xx_hal_rcc_ex.o ABSOLUTE
    ..\Drivers\STM32F3xx_HAL_Driver\Src\stm32f3xx_hal_tim.c 0x00000000   Number         0  stm32f3xx_hal_tim.o ABSOLUTE
    ..\Drivers\STM32F3xx_HAL_Driver\Src\stm32f3xx_hal_tim_ex.c 0x00000000   Number         0  stm32f3xx_hal_tim_ex.o ABSOLUTE
    ..\Drivers\STM32F3xx_HAL_Driver\Src\stm32f3xx_hal_uart.c 0x00000000   Number         0  stm32f3xx_hal_uart.o ABSOLUTE
    ..\Drivers\STM32F3xx_HAL_Driver\Src\stm32f3xx_hal_uart_ex.c 0x00000000   Number         0  stm32f3xx_hal_uart_ex.o ABSOLUTE
    ..\Src\main.c                            0x00000000   Number         0  main.o ABSOLUTE
    ..\Src\stm32f3xx_hal_msp.c               0x00000000   Number         0  stm32f3xx_hal_msp.o ABSOLUTE
    ..\Src\stm32f3xx_it.c                    0x00000000   Number         0  stm32f3xx_it.o ABSOLUTE
    ..\Src\system_stm32f3xx.c                0x00000000   Number         0  system_stm32f3xx.o ABSOLUTE
    C:\Keil_v5\ARM\PACK\Keil\ARM_Compiler\1.6.1\Source\retarget_io.c 0x00000000   Number         0  retarget_io.o ABSOLUTE
    cdrcmple.s                               0x00000000   Number         0  cdrcmple.o ABSOLUTE
    dc.s                                     0x00000000   Number         0  dc.o ABSOLUTE
    handlers.s                               0x00000000   Number         0  handlers.o ABSOLUTE
    init.s                                   0x00000000   Number         0  init.o ABSOLUTE
    startup_stm32f303xe.s                    0x00000000   Number         0  startup_stm32f303xe.o ABSOLUTE
    RESET                                    0x08000000   Section      404  startup_stm32f303xe.o(RESET)
    .ARM.Collect$$$$00000000                 0x08000194   Section        0  entry.o(.ARM.Collect$$$$00000000)
    .ARM.Collect$$$$00000001                 0x08000194   Section        4  entry2.o(.ARM.Collect$$$$00000001)
    .ARM.Collect$$$$00000004                 0x08000198   Section        4  entry5.o(.ARM.Collect$$$$00000004)
    .ARM.Collect$$$$00000008                 0x0800019c   Section        0  entry7b.o(.ARM.Collect$$$$00000008)
    .ARM.Collect$$$$0000000A                 0x0800019c   Section        0  entry8b.o(.ARM.Collect$$$$0000000A)
    .ARM.Collect$$$$0000000B                 0x0800019c   Section        8  entry9a.o(.ARM.Collect$$$$0000000B)
    .ARM.Collect$$$$0000000D                 0x080001a4   Section        0  entry10a.o(.ARM.Collect$$$$0000000D)
    .ARM.Collect$$$$0000000F                 0x080001a4   Section        0  entry11a.o(.ARM.Collect$$$$0000000F)
    .ARM.Collect$$$$00002712                 0x080001a4   Section        4  entry2.o(.ARM.Collect$$$$00002712)
    __lit__00000000                          0x080001a4   Data           4  entry2.o(.ARM.Collect$$$$00002712)
    .text                                    0x080001a8   Section       36  startup_stm32f303xe.o(.text)
    $v0                                      0x080001a8   Number         0  startup_stm32f303xe.o(.text)
    .text                                    0x080001cc   Section        0  llushr.o(.text)
    .text                                    0x080001ec   Section        0  memseta.o(.text)
    .text                                    0x08000210   Section        0  dadd.o(.text)
    .text                                    0x0800035e   Section        0  dmul.o(.text)
    .text                                    0x08000442   Section        0  ddiv.o(.text)
    .text                                    0x08000520   Section        0  f2d.o(.text)
    .text                                    0x08000546   Section        0  d2f.o(.text)
    .text                                    0x0800057e   Section        0  uidiv.o(.text)
    .text                                    0x080005aa   Section        0  uldiv.o(.text)
    .text                                    0x0800060c   Section        0  llshl.o(.text)
    .text                                    0x0800062a   Section        0  llsshr.o(.text)
    .text                                    0x08000650   Section        0  strtod.o(.text)
    _local_sscanf                            0x08000651   Thumb Code    54  strtod.o(.text)
    .text                                    0x080006ec   Section        0  iusefp.o(.text)
    .text                                    0x080006ec   Section        0  fepilogue.o(.text)
    .text                                    0x0800075a   Section        0  depilogue.o(.text)
    .text                                    0x08000814   Section        0  dfixul.o(.text)
    .text                                    0x08000844   Section       48  cdrcmple.o(.text)
    .text                                    0x08000874   Section       36  init.o(.text)
    .text                                    0x08000898   Section        0  isspace_c.o(.text)
    .text                                    0x080008a4   Section        0  scanf_fp.o(.text)
    _fp_value                                0x080008a5   Thumb Code   296  scanf_fp.o(.text)
    .text                                    0x08000c04   Section        0  _sgetc.o(.text)
    .text                                    0x08000c44   Section        0  ctype_c.o(.text)
    .text                                    0x08000c6c   Section        0  dfltul.o(.text)
    i.BusFault_Handler                       0x08000c84   Section        0  stm32f3xx_it.o(i.BusFault_Handler)
    i.DebugMon_Handler                       0x08000c86   Section        0  stm32f3xx_it.o(i.DebugMon_Handler)
    i.HAL_DMA_Abort_IT                       0x08000c88   Section        0  stm32f3xx_hal_dma.o(i.HAL_DMA_Abort_IT)
    i.HAL_Delay                              0x08000cd4   Section        0  stm32f3xx_hal.o(i.HAL_Delay)
    i.HAL_GPIO_Init                          0x08000cf8   Section        0  stm32f3xx_hal_gpio.o(i.HAL_GPIO_Init)
    i.HAL_GPIO_ReadPin                       0x08000ec4   Section        0  stm32f3xx_hal_gpio.o(i.HAL_GPIO_ReadPin)
    i.HAL_GetTick                            0x08000ed0   Section        0  stm32f3xx_hal.o(i.HAL_GetTick)
    i.HAL_IncTick                            0x08000edc   Section        0  stm32f3xx_hal.o(i.HAL_IncTick)
    i.HAL_Init                               0x08000eec   Section        0  stm32f3xx_hal.o(i.HAL_Init)
    i.HAL_InitTick                           0x08000f10   Section        0  stm32f3xx_hal.o(i.HAL_InitTick)
    i.HAL_MspInit                            0x08000f50   Section        0  stm32f3xx_hal_msp.o(i.HAL_MspInit)
    i.HAL_NVIC_EnableIRQ                     0x08000f7c   Section        0  stm32f3xx_hal_cortex.o(i.HAL_NVIC_EnableIRQ)
    i.HAL_NVIC_SetPriority                   0x08000f94   Section        0  stm32f3xx_hal_cortex.o(i.HAL_NVIC_SetPriority)
    i.HAL_NVIC_SetPriorityGrouping           0x08000fd4   Section        0  stm32f3xx_hal_cortex.o(i.HAL_NVIC_SetPriorityGrouping)
    i.HAL_RCCEx_PeriphCLKConfig              0x08000ff8   Section        0  stm32f3xx_hal_rcc_ex.o(i.HAL_RCCEx_PeriphCLKConfig)
    i.HAL_RCC_ClockConfig                    0x0800128c   Section        0  stm32f3xx_hal_rcc.o(i.HAL_RCC_ClockConfig)
    i.HAL_RCC_GetPCLK1Freq                   0x080013d0   Section        0  stm32f3xx_hal_rcc.o(i.HAL_RCC_GetPCLK1Freq)
    i.HAL_RCC_GetPCLK2Freq                   0x08001400   Section        0  stm32f3xx_hal_rcc.o(i.HAL_RCC_GetPCLK2Freq)
    i.HAL_RCC_GetSysClockFreq                0x08001430   Section        0  stm32f3xx_hal_rcc.o(i.HAL_RCC_GetSysClockFreq)
    i.HAL_RCC_OscConfig                      0x08001488   Section        0  stm32f3xx_hal_rcc.o(i.HAL_RCC_OscConfig)
    i.HAL_SYSTICK_Config                     0x08001a20   Section        0  stm32f3xx_hal_cortex.o(i.HAL_SYSTICK_Config)
    i.HAL_UARTEx_WakeupCallback              0x08001a48   Section        0  stm32f3xx_hal_uart_ex.o(i.HAL_UARTEx_WakeupCallback)
    i.HAL_UART_ErrorCallback                 0x08001a4a   Section        0  stm32f3xx_hal_uart.o(i.HAL_UART_ErrorCallback)
    i.HAL_UART_IRQHandler                    0x08001a4c   Section        0  stm32f3xx_hal_uart.o(i.HAL_UART_IRQHandler)
    i.HAL_UART_Init                          0x08001b8c   Section        0  stm32f3xx_hal_uart.o(i.HAL_UART_Init)
    i.HAL_UART_MspInit                       0x08001bf8   Section        0  stm32f3xx_hal_msp.o(i.HAL_UART_MspInit)
    i.HAL_UART_Receive                       0x08001ccc   Section        0  stm32f3xx_hal_uart.o(i.HAL_UART_Receive)
    i.HAL_UART_Receive_IT                    0x08001db2   Section        0  stm32f3xx_hal_uart.o(i.HAL_UART_Receive_IT)
    i.HAL_UART_RxCpltCallback                0x08001e40   Section        0  main.o(i.HAL_UART_RxCpltCallback)
    i.HAL_UART_Transmit                      0x08001e6c   Section        0  stm32f3xx_hal_uart.o(i.HAL_UART_Transmit)
    i.HAL_UART_TxCpltCallback                0x08001f20   Section        0  stm32f3xx_hal_uart.o(i.HAL_UART_TxCpltCallback)
    i.HardFault_Handler                      0x08001f22   Section        0  stm32f3xx_it.o(i.HardFault_Handler)
    i.ITM_SendChar                           0x08001f24   Section        0  retarget_io.o(i.ITM_SendChar)
    i.MX_GPIO_Init                           0x08001f48   Section        0  main.o(i.MX_GPIO_Init)
    MX_GPIO_Init                             0x08001f49   Thumb Code   138  main.o(i.MX_GPIO_Init)
    i.MX_UART4_Init                          0x08001fdc   Section        0  main.o(i.MX_UART4_Init)
    MX_UART4_Init                            0x08001fdd   Thumb Code    36  main.o(i.MX_UART4_Init)
    i.MX_UART5_Init                          0x08002008   Section        0  main.o(i.MX_UART5_Init)
    MX_UART5_Init                            0x08002009   Thumb Code    36  main.o(i.MX_UART5_Init)
    i.MemManage_Handler                      0x08002034   Section        0  stm32f3xx_it.o(i.MemManage_Handler)
    i.NMI_Handler                            0x08002036   Section        0  stm32f3xx_it.o(i.NMI_Handler)
    i.NVIC_SetPriority                       0x08002038   Section        0  stm32f3xx_hal_cortex.o(i.NVIC_SetPriority)
    NVIC_SetPriority                         0x08002039   Thumb Code    32  stm32f3xx_hal_cortex.o(i.NVIC_SetPriority)
    i.PendSV_Handler                         0x08002058   Section        0  stm32f3xx_it.o(i.PendSV_Handler)
    i.SVC_Handler                            0x0800205a   Section        0  stm32f3xx_it.o(i.SVC_Handler)
    i.SysTick_Handler                        0x0800205c   Section        0  stm32f3xx_it.o(i.SysTick_Handler)
    i.SystemClock_Config                     0x08002060   Section        0  main.o(i.SystemClock_Config)
    i.SystemInit                             0x080020b8   Section        0  system_stm32f3xx.o(i.SystemInit)
    i.UART4_IRQHandler                       0x08002120   Section        0  stm32f3xx_it.o(i.UART4_IRQHandler)
    i.UART5_IRQHandler                       0x0800212c   Section        0  stm32f3xx_it.o(i.UART5_IRQHandler)
    i.UART_AdvFeatureConfig                  0x08002138   Section        0  stm32f3xx_hal_uart.o(i.UART_AdvFeatureConfig)
    i.UART_CheckIdleState                    0x08002200   Section        0  stm32f3xx_hal_uart.o(i.UART_CheckIdleState)
    i.UART_DMAAbortOnError                   0x0800225c   Section        0  stm32f3xx_hal_uart.o(i.UART_DMAAbortOnError)
    UART_DMAAbortOnError                     0x0800225d   Thumb Code    20  stm32f3xx_hal_uart.o(i.UART_DMAAbortOnError)
    i.UART_EndRxTransfer                     0x08002270   Section        0  stm32f3xx_hal_uart.o(i.UART_EndRxTransfer)
    UART_EndRxTransfer                       0x08002271   Thumb Code    28  stm32f3xx_hal_uart.o(i.UART_EndRxTransfer)
    i.UART_EndTransmit_IT                    0x0800228c   Section        0  stm32f3xx_hal_uart.o(i.UART_EndTransmit_IT)
    i.UART_Receive_IT                        0x080022a6   Section        0  stm32f3xx_hal_uart.o(i.UART_Receive_IT)
    i.UART_SetConfig                         0x0800231c   Section        0  stm32f3xx_hal_uart.o(i.UART_SetConfig)
    i.UART_Transmit_IT                       0x080024f4   Section        0  stm32f3xx_hal_uart.o(i.UART_Transmit_IT)
    i.UART_WaitOnFlagUntilTimeout            0x08002558   Section        0  stm32f3xx_hal_uart.o(i.UART_WaitOnFlagUntilTimeout)
    i.UsageFault_Handler                     0x080025bc   Section        0  stm32f3xx_it.o(i.UsageFault_Handler)
    i.__0printf                              0x080025c0   Section        0  printfa.o(i.__0printf)
    i.__0snprintf                            0x080025e0   Section        0  printfa.o(i.__0snprintf)
    i.__ARM_fpclassify                       0x08002610   Section        0  fpclassify.o(i.__ARM_fpclassify)
    i.__hardfp_atan                          0x08002640   Section        0  atan.o(i.__hardfp_atan)
    i.__hardfp_atof                          0x08002918   Section        0  atof.o(i.__hardfp_atof)
    i.__kernel_poly                          0x08002950   Section        0  poly.o(i.__kernel_poly)
    i.__mathlib_dbl_infnan                   0x08002a48   Section        0  dunder.o(i.__mathlib_dbl_infnan)
    i.__mathlib_dbl_underflow                0x08002a60   Section        0  dunder.o(i.__mathlib_dbl_underflow)
    i.__read_errno                           0x08002a80   Section        0  errno.o(i.__read_errno)
    i.__scatterload_copy                     0x08002a8c   Section       14  handlers.o(i.__scatterload_copy)
    i.__scatterload_null                     0x08002a9a   Section        2  handlers.o(i.__scatterload_null)
    i.__scatterload_zeroinit                 0x08002a9c   Section       14  handlers.o(i.__scatterload_zeroinit)
    i.__set_errno                            0x08002aac   Section        0  errno.o(i.__set_errno)
    i._fp_digits                             0x08002ab8   Section        0  printfa.o(i._fp_digits)
    _fp_digits                               0x08002ab9   Thumb Code   366  printfa.o(i._fp_digits)
    i._is_digit                              0x08002c3c   Section        0  scanf_fp.o(i._is_digit)
    i._printf_core                           0x08002c4c   Section        0  printfa.o(i._printf_core)
    _printf_core                             0x08002c4d   Thumb Code  1744  printfa.o(i._printf_core)
    i._printf_post_padding                   0x08003328   Section        0  printfa.o(i._printf_post_padding)
    _printf_post_padding                     0x08003329   Thumb Code    36  printfa.o(i._printf_post_padding)
    i._printf_pre_padding                    0x0800334c   Section        0  printfa.o(i._printf_pre_padding)
    _printf_pre_padding                      0x0800334d   Thumb Code    46  printfa.o(i._printf_pre_padding)
    i._snputc                                0x0800337a   Section        0  printfa.o(i._snputc)
    _snputc                                  0x0800337b   Thumb Code    22  printfa.o(i._snputc)
    i.fabs                                   0x08003390   Section        0  fabs.o(i.fabs)
    i.float_to_char                          0x080033a8   Section        0  main.o(i.float_to_char)
    i.fputc                                  0x080033cc   Section        0  retarget_io.o(i.fputc)
    i.main                                   0x080033e0   Section        0  main.o(i.main)
    .constdata                               0x080036c4   Section       32  stm32f3xx_hal_rcc.o(.constdata)
    .constdata                               0x080036e4   Section       16  system_stm32f3xx.o(.constdata)
    .constdata                               0x080036f4   Section        8  system_stm32f3xx.o(.constdata)
    .constdata                               0x08003700   Section      152  atan.o(.constdata)
    atanhi                                   0x08003700   Data          32  atan.o(.constdata)
    atanlo                                   0x08003720   Data          32  atan.o(.constdata)
    aTodd                                    0x08003740   Data          40  atan.o(.constdata)
    aTeven                                   0x08003768   Data          48  atan.o(.constdata)
    .constdata                               0x08003798   Section       64  ctype_c.o(.constdata)
    .data                                    0x20000000   Section      120  main.o(.data)
    .data                                    0x20000078   Section       12  stm32f3xx_hal.o(.data)
    .data                                    0x20000084   Section        4  system_stm32f3xx.o(.data)
    .data                                    0x20000088   Section        4  stdout.o(.data)
    .data                                    0x2000008c   Section        4  errno.o(.data)
    _errno                                   0x2000008c   Data           4  errno.o(.data)
    .bss                                     0x20000090   Section      943  main.o(.bss)
    STACK                                    0x20000440   Section     1024  startup_stm32f303xe.o(STACK)

    Global Symbols

    Symbol Name                              Value     Ov Type        Size  Object(Section)

    BuildAttributes$$THM_ISAv4$E$P$D$K$B$S$7EM$VFPi3$EXTD16$VFPS$VFMA$PE$A:L22UL41UL21$X:L11$S22US41US21$IEEE1$IW$USESV6$~STKCKD$USESV7$~SHL$OTIME$ROPI$IEEEX$EBA8$MICROLIB$REQ8$PRES8$EABIv2 0x00000000   Number         0  anon$$obj.o ABSOLUTE
    __ARM_use_no_argv                        0x00000000   Number         0  main.o ABSOLUTE
    _printf_a                                0x00000000   Number         0  stubs.o ABSOLUTE
    _printf_c                                0x00000000   Number         0  stubs.o ABSOLUTE
    _printf_charcount                        0x00000000   Number         0  stubs.o ABSOLUTE
    _printf_d                                0x00000000   Number         0  stubs.o ABSOLUTE
    _printf_e                                0x00000000   Number         0  stubs.o ABSOLUTE
    _printf_f                                0x00000000   Number         0  stubs.o ABSOLUTE
    _printf_flags                            0x00000000   Number         0  stubs.o ABSOLUTE
    _printf_fp_dec                           0x00000000   Number         0  stubs.o ABSOLUTE
    _printf_fp_hex                           0x00000000   Number         0  stubs.o ABSOLUTE
    _printf_g                                0x00000000   Number         0  stubs.o ABSOLUTE
    _printf_i                                0x00000000   Number         0  stubs.o ABSOLUTE
    _printf_int_dec                          0x00000000   Number         0  stubs.o ABSOLUTE
    _printf_l                                0x00000000   Number         0  stubs.o ABSOLUTE
    _printf_lc                               0x00000000   Number         0  stubs.o ABSOLUTE
    _printf_ll                               0x00000000   Number         0  stubs.o ABSOLUTE
    _printf_lld                              0x00000000   Number         0  stubs.o ABSOLUTE
    _printf_lli                              0x00000000   Number         0  stubs.o ABSOLUTE
    _printf_llo                              0x00000000   Number         0  stubs.o ABSOLUTE
    _printf_llu                              0x00000000   Number         0  stubs.o ABSOLUTE
    _printf_llx                              0x00000000   Number         0  stubs.o ABSOLUTE
    _printf_longlong_dec                     0x00000000   Number         0  stubs.o ABSOLUTE
    _printf_longlong_hex                     0x00000000   Number         0  stubs.o ABSOLUTE
    _printf_longlong_oct                     0x00000000   Number         0  stubs.o ABSOLUTE
    _printf_ls                               0x00000000   Number         0  stubs.o ABSOLUTE
    _printf_mbtowc                           0x00000000   Number         0  stubs.o ABSOLUTE
    _printf_n                                0x00000000   Number         0  stubs.o ABSOLUTE
    _printf_o                                0x00000000   Number         0  stubs.o ABSOLUTE
    _printf_p                                0x00000000   Number         0  stubs.o ABSOLUTE
    _printf_percent                          0x00000000   Number         0  stubs.o ABSOLUTE
    _printf_pre_padding                      0x00000000   Number         0  stubs.o ABSOLUTE
    _printf_return_value                     0x00000000   Number         0  stubs.o ABSOLUTE
    _printf_s                                0x00000000   Number         0  stubs.o ABSOLUTE
    _printf_sizespec                         0x00000000   Number         0  stubs.o ABSOLUTE
    _printf_str                              0x00000000   Number         0  stubs.o ABSOLUTE
    _printf_truncate_signed                  0x00000000   Number         0  stubs.o ABSOLUTE
    _printf_truncate_unsigned                0x00000000   Number         0  stubs.o ABSOLUTE
    _printf_u                                0x00000000   Number         0  stubs.o ABSOLUTE
    _printf_wc                               0x00000000   Number         0  stubs.o ABSOLUTE
    _printf_wctomb                           0x00000000   Number         0  stubs.o ABSOLUTE
    _printf_widthprec                        0x00000000   Number         0  stubs.o ABSOLUTE
    _printf_x                                0x00000000   Number         0  stubs.o ABSOLUTE
    __cpp_initialize__aeabi_                  - Undefined Weak Reference
    __cxa_finalize                            - Undefined Weak Reference
    __decompress                              - Undefined Weak Reference
    _clock_init                               - Undefined Weak Reference
    _microlib_exit                            - Undefined Weak Reference
    __Vectors_Size                           0x00000194   Number         0  startup_stm32f303xe.o ABSOLUTE
    __Vectors                                0x08000000   Data           4  startup_stm32f303xe.o(RESET)
    __Vectors_End                            0x08000194   Data           0  startup_stm32f303xe.o(RESET)
    __main                                   0x08000195   Thumb Code     0  entry.o(.ARM.Collect$$$$00000000)
    _main_stk                                0x08000195   Thumb Code     0  entry2.o(.ARM.Collect$$$$00000001)
    _main_scatterload                        0x08000199   Thumb Code     0  entry5.o(.ARM.Collect$$$$00000004)
    __main_after_scatterload                 0x0800019d   Thumb Code     0  entry5.o(.ARM.Collect$$$$00000004)
    _main_clock                              0x0800019d   Thumb Code     0  entry7b.o(.ARM.Collect$$$$00000008)
    _main_cpp_init                           0x0800019d   Thumb Code     0  entry8b.o(.ARM.Collect$$$$0000000A)
    _main_init                               0x0800019d   Thumb Code     0  entry9a.o(.ARM.Collect$$$$0000000B)
    __rt_final_cpp                           0x080001a5   Thumb Code     0  entry10a.o(.ARM.Collect$$$$0000000D)
    __rt_final_exit                          0x080001a5   Thumb Code     0  entry11a.o(.ARM.Collect$$$$0000000F)
    Reset_Handler                            0x080001a9   Thumb Code     8  startup_stm32f303xe.o(.text)
    ADC1_2_IRQHandler                        0x080001c3   Thumb Code     0  startup_stm32f303xe.o(.text)
    ADC3_IRQHandler                          0x080001c3   Thumb Code     0  startup_stm32f303xe.o(.text)
    ADC4_IRQHandler                          0x080001c3   Thumb Code     0  startup_stm32f303xe.o(.text)
    CAN_RX1_IRQHandler                       0x080001c3   Thumb Code     0  startup_stm32f303xe.o(.text)
    CAN_SCE_IRQHandler                       0x080001c3   Thumb Code     0  startup_stm32f303xe.o(.text)
    COMP1_2_3_IRQHandler                     0x080001c3   Thumb Code     0  startup_stm32f303xe.o(.text)
    COMP4_5_6_IRQHandler                     0x080001c3   Thumb Code     0  startup_stm32f303xe.o(.text)
    COMP7_IRQHandler                         0x080001c3   Thumb Code     0  startup_stm32f303xe.o(.text)
    DMA1_Channel1_IRQHandler                 0x080001c3   Thumb Code     0  startup_stm32f303xe.o(.text)
    DMA1_Channel2_IRQHandler                 0x080001c3   Thumb Code     0  startup_stm32f303xe.o(.text)
    DMA1_Channel3_IRQHandler                 0x080001c3   Thumb Code     0  startup_stm32f303xe.o(.text)
    DMA1_Channel4_IRQHandler                 0x080001c3   Thumb Code     0  startup_stm32f303xe.o(.text)
    DMA1_Channel5_IRQHandler                 0x080001c3   Thumb Code     0  startup_stm32f303xe.o(.text)
    DMA1_Channel6_IRQHandler                 0x080001c3   Thumb Code     0  startup_stm32f303xe.o(.text)
    DMA1_Channel7_IRQHandler                 0x080001c3   Thumb Code     0  startup_stm32f303xe.o(.text)
    DMA2_Channel1_IRQHandler                 0x080001c3   Thumb Code     0  startup_stm32f303xe.o(.text)
    DMA2_Channel2_IRQHandler                 0x080001c3   Thumb Code     0  startup_stm32f303xe.o(.text)
    DMA2_Channel3_IRQHandler                 0x080001c3   Thumb Code     0  startup_stm32f303xe.o(.text)
    DMA2_Channel4_IRQHandler                 0x080001c3   Thumb Code     0  startup_stm32f303xe.o(.text)
    DMA2_Channel5_IRQHandler                 0x080001c3   Thumb Code     0  startup_stm32f303xe.o(.text)
    EXTI0_IRQHandler                         0x080001c3   Thumb Code     0  startup_stm32f303xe.o(.text)
    EXTI15_10_IRQHandler                     0x080001c3   Thumb Code     0  startup_stm32f303xe.o(.text)
    EXTI1_IRQHandler                         0x080001c3   Thumb Code     0  startup_stm32f303xe.o(.text)
    EXTI2_TSC_IRQHandler                     0x080001c3   Thumb Code     0  startup_stm32f303xe.o(.text)
    EXTI3_IRQHandler                         0x080001c3   Thumb Code     0  startup_stm32f303xe.o(.text)
    EXTI4_IRQHandler                         0x080001c3   Thumb Code     0  startup_stm32f303xe.o(.text)
    EXTI9_5_IRQHandler                       0x080001c3   Thumb Code     0  startup_stm32f303xe.o(.text)
    FLASH_IRQHandler                         0x080001c3   Thumb Code     0  startup_stm32f303xe.o(.text)
    FMC_IRQHandler                           0x080001c3   Thumb Code     0  startup_stm32f303xe.o(.text)
    FPU_IRQHandler                           0x080001c3   Thumb Code     0  startup_stm32f303xe.o(.text)
    I2C1_ER_IRQHandler                       0x080001c3   Thumb Code     0  startup_stm32f303xe.o(.text)
    I2C1_EV_IRQHandler                       0x080001c3   Thumb Code     0  startup_stm32f303xe.o(.text)
    I2C2_ER_IRQHandler                       0x080001c3   Thumb Code     0  startup_stm32f303xe.o(.text)
    I2C2_EV_IRQHandler                       0x080001c3   Thumb Code     0  startup_stm32f303xe.o(.text)
    I2C3_ER_IRQHandler                       0x080001c3   Thumb Code     0  startup_stm32f303xe.o(.text)
    I2C3_EV_IRQHandler                       0x080001c3   Thumb Code     0  startup_stm32f303xe.o(.text)
    PVD_IRQHandler                           0x080001c3   Thumb Code     0  startup_stm32f303xe.o(.text)
    RCC_IRQHandler                           0x080001c3   Thumb Code     0  startup_stm32f303xe.o(.text)
    RTC_Alarm_IRQHandler                     0x080001c3   Thumb Code     0  startup_stm32f303xe.o(.text)
    RTC_WKUP_IRQHandler                      0x080001c3   Thumb Code     0  startup_stm32f303xe.o(.text)
    SPI1_IRQHandler                          0x080001c3   Thumb Code     0  startup_stm32f303xe.o(.text)
    SPI2_IRQHandler                          0x080001c3   Thumb Code     0  startup_stm32f303xe.o(.text)
    SPI3_IRQHandler                          0x080001c3   Thumb Code     0  startup_stm32f303xe.o(.text)
    SPI4_IRQHandler                          0x080001c3   Thumb Code     0  startup_stm32f303xe.o(.text)
    TAMP_STAMP_IRQHandler                    0x080001c3   Thumb Code     0  startup_stm32f303xe.o(.text)
    TIM1_BRK_TIM15_IRQHandler                0x080001c3   Thumb Code     0  startup_stm32f303xe.o(.text)
    TIM1_CC_IRQHandler                       0x080001c3   Thumb Code     0  startup_stm32f303xe.o(.text)
    TIM1_TRG_COM_TIM17_IRQHandler            0x080001c3   Thumb Code     0  startup_stm32f303xe.o(.text)
    TIM1_UP_TIM16_IRQHandler                 0x080001c3   Thumb Code     0  startup_stm32f303xe.o(.text)
    TIM20_BRK_IRQHandler                     0x080001c3   Thumb Code     0  startup_stm32f303xe.o(.text)
    TIM20_CC_IRQHandler                      0x080001c3   Thumb Code     0  startup_stm32f303xe.o(.text)
    TIM20_TRG_COM_IRQHandler                 0x080001c3   Thumb Code     0  startup_stm32f303xe.o(.text)
    TIM20_UP_IRQHandler                      0x080001c3   Thumb Code     0  startup_stm32f303xe.o(.text)
    TIM2_IRQHandler                          0x080001c3   Thumb Code     0  startup_stm32f303xe.o(.text)
    TIM3_IRQHandler                          0x080001c3   Thumb Code     0  startup_stm32f303xe.o(.text)
    TIM4_IRQHandler                          0x080001c3   Thumb Code     0  startup_stm32f303xe.o(.text)
    TIM6_DAC_IRQHandler                      0x080001c3   Thumb Code     0  startup_stm32f303xe.o(.text)
    TIM7_IRQHandler                          0x080001c3   Thumb Code     0  startup_stm32f303xe.o(.text)
    TIM8_BRK_IRQHandler                      0x080001c3   Thumb Code     0  startup_stm32f303xe.o(.text)
    TIM8_CC_IRQHandler                       0x080001c3   Thumb Code     0  startup_stm32f303xe.o(.text)
    TIM8_TRG_COM_IRQHandler                  0x080001c3   Thumb Code     0  startup_stm32f303xe.o(.text)
    TIM8_UP_IRQHandler                       0x080001c3   Thumb Code     0  startup_stm32f303xe.o(.text)
    USART1_IRQHandler                        0x080001c3   Thumb Code     0  startup_stm32f303xe.o(.text)
    USART2_IRQHandler                        0x080001c3   Thumb Code     0  startup_stm32f303xe.o(.text)
    USART3_IRQHandler                        0x080001c3   Thumb Code     0  startup_stm32f303xe.o(.text)
    USBWakeUp_IRQHandler                     0x080001c3   Thumb Code     0  startup_stm32f303xe.o(.text)
    USBWakeUp_RMP_IRQHandler                 0x080001c3   Thumb Code     0  startup_stm32f303xe.o(.text)
    USB_HP_CAN_TX_IRQHandler                 0x080001c3   Thumb Code     0  startup_stm32f303xe.o(.text)
    USB_HP_IRQHandler                        0x080001c3   Thumb Code     0  startup_stm32f303xe.o(.text)
    USB_LP_CAN_RX0_IRQHandler                0x080001c3   Thumb Code     0  startup_stm32f303xe.o(.text)
    USB_LP_IRQHandler                        0x080001c3   Thumb Code     0  startup_stm32f303xe.o(.text)
    WWDG_IRQHandler                          0x080001c3   Thumb Code     0  startup_stm32f303xe.o(.text)
    __aeabi_llsr                             0x080001cd   Thumb Code    32  llushr.o(.text)
    _ll_ushift_r                             0x080001cd   Thumb Code     0  llushr.o(.text)
    __aeabi_memset                           0x080001ed   Thumb Code    14  memseta.o(.text)
    __aeabi_memset4                          0x080001ed   Thumb Code     0  memseta.o(.text)
    __aeabi_memset8                          0x080001ed   Thumb Code     0  memseta.o(.text)
    __aeabi_memclr                           0x080001fb   Thumb Code     4  memseta.o(.text)
    __aeabi_memclr4                          0x080001fb   Thumb Code     0  memseta.o(.text)
    __aeabi_memclr8                          0x080001fb   Thumb Code     0  memseta.o(.text)
    _memset$wrapper                          0x080001ff   Thumb Code    18  memseta.o(.text)
    __aeabi_dadd                             0x08000211   Thumb Code   322  dadd.o(.text)
    __aeabi_dsub                             0x08000353   Thumb Code     6  dadd.o(.text)
    __aeabi_drsub                            0x08000359   Thumb Code     6  dadd.o(.text)
    __aeabi_dmul                             0x0800035f   Thumb Code   228  dmul.o(.text)
    __aeabi_ddiv                             0x08000443   Thumb Code   222  ddiv.o(.text)
    __aeabi_f2d                              0x08000521   Thumb Code    38  f2d.o(.text)
    __aeabi_d2f                              0x08000547   Thumb Code    56  d2f.o(.text)
    __aeabi_uidiv                            0x0800057f   Thumb Code     0  uidiv.o(.text)
    __aeabi_uidivmod                         0x0800057f   Thumb Code    44  uidiv.o(.text)
    __aeabi_uldivmod                         0x080005ab   Thumb Code    98  uldiv.o(.text)
    __aeabi_llsl                             0x0800060d   Thumb Code    30  llshl.o(.text)
    _ll_shift_l                              0x0800060d   Thumb Code     0  llshl.o(.text)
    __aeabi_lasr                             0x0800062b   Thumb Code    36  llsshr.o(.text)
    _ll_sshift_r                             0x0800062b   Thumb Code     0  llsshr.o(.text)
    __strtod_int                             0x08000687   Thumb Code    90  strtod.o(.text)
    __I$use$fp                               0x080006ed   Thumb Code     0  iusefp.o(.text)
    _float_round                             0x080006ed   Thumb Code    18  fepilogue.o(.text)
    _float_epilogue                          0x080006ff   Thumb Code    92  fepilogue.o(.text)
    _double_round                            0x0800075b   Thumb Code    30  depilogue.o(.text)
    _double_epilogue                         0x08000779   Thumb Code   156  depilogue.o(.text)
    __aeabi_d2ulz                            0x08000815   Thumb Code    48  dfixul.o(.text)
    __aeabi_cdrcmple                         0x08000845   Thumb Code    48  cdrcmple.o(.text)
    __scatterload                            0x08000875   Thumb Code    28  init.o(.text)
    __scatterload_rt2                        0x08000875   Thumb Code     0  init.o(.text)
    isspace                                  0x08000899   Thumb Code    10  isspace_c.o(.text)
    _scanf_real                              0x080009cd   Thumb Code     0  scanf_fp.o(.text)
    _scanf_really_real                       0x080009cd   Thumb Code   556  scanf_fp.o(.text)
    _sgetc                                   0x08000c05   Thumb Code    30  _sgetc.o(.text)
    _sbackspace                              0x08000c23   Thumb Code    34  _sgetc.o(.text)
    __ctype_lookup                           0x08000c45   Thumb Code    34  ctype_c.o(.text)
    __aeabi_ul2d                             0x08000c6d   Thumb Code    24  dfltul.o(.text)
    BusFault_Handler                         0x08000c85   Thumb Code     2  stm32f3xx_it.o(i.BusFault_Handler)
    DebugMon_Handler                         0x08000c87   Thumb Code     2  stm32f3xx_it.o(i.DebugMon_Handler)
    HAL_DMA_Abort_IT                         0x08000c89   Thumb Code    74  stm32f3xx_hal_dma.o(i.HAL_DMA_Abort_IT)
    HAL_Delay                                0x08000cd5   Thumb Code    32  stm32f3xx_hal.o(i.HAL_Delay)
    HAL_GPIO_Init                            0x08000cf9   Thumb Code   422  stm32f3xx_hal_gpio.o(i.HAL_GPIO_Init)
    HAL_GPIO_ReadPin                         0x08000ec5   Thumb Code    10  stm32f3xx_hal_gpio.o(i.HAL_GPIO_ReadPin)
    HAL_GetTick                              0x08000ed1   Thumb Code     6  stm32f3xx_hal.o(i.HAL_GetTick)
    HAL_IncTick                              0x08000edd   Thumb Code    12  stm32f3xx_hal.o(i.HAL_IncTick)
    HAL_Init                                 0x08000eed   Thumb Code    32  stm32f3xx_hal.o(i.HAL_Init)
    HAL_InitTick                             0x08000f11   Thumb Code    54  stm32f3xx_hal.o(i.HAL_InitTick)
    HAL_MspInit                              0x08000f51   Thumb Code    38  stm32f3xx_hal_msp.o(i.HAL_MspInit)
    HAL_NVIC_EnableIRQ                       0x08000f7d   Thumb Code    22  stm32f3xx_hal_cortex.o(i.HAL_NVIC_EnableIRQ)
    HAL_NVIC_SetPriority                     0x08000f95   Thumb Code    60  stm32f3xx_hal_cortex.o(i.HAL_NVIC_SetPriority)
    HAL_NVIC_SetPriorityGrouping             0x08000fd5   Thumb Code    26  stm32f3xx_hal_cortex.o(i.HAL_NVIC_SetPriorityGrouping)
    HAL_RCCEx_PeriphCLKConfig                0x08000ff9   Thumb Code   648  stm32f3xx_hal_rcc_ex.o(i.HAL_RCCEx_PeriphCLKConfig)
    HAL_RCC_ClockConfig                      0x0800128d   Thumb Code   306  stm32f3xx_hal_rcc.o(i.HAL_RCC_ClockConfig)
    HAL_RCC_GetPCLK1Freq                     0x080013d1   Thumb Code    34  stm32f3xx_hal_rcc.o(i.HAL_RCC_GetPCLK1Freq)
    HAL_RCC_GetPCLK2Freq                     0x08001401   Thumb Code    34  stm32f3xx_hal_rcc.o(i.HAL_RCC_GetPCLK2Freq)
    HAL_RCC_GetSysClockFreq                  0x08001431   Thumb Code    76  stm32f3xx_hal_rcc.o(i.HAL_RCC_GetSysClockFreq)
    HAL_RCC_OscConfig                        0x08001489   Thumb Code  1432  stm32f3xx_hal_rcc.o(i.HAL_RCC_OscConfig)
    HAL_SYSTICK_Config                       0x08001a21   Thumb Code    40  stm32f3xx_hal_cortex.o(i.HAL_SYSTICK_Config)
    HAL_UARTEx_WakeupCallback                0x08001a49   Thumb Code     2  stm32f3xx_hal_uart_ex.o(i.HAL_UARTEx_WakeupCallback)
    HAL_UART_ErrorCallback                   0x08001a4b   Thumb Code     2  stm32f3xx_hal_uart.o(i.HAL_UART_ErrorCallback)
    HAL_UART_IRQHandler                      0x08001a4d   Thumb Code   316  stm32f3xx_hal_uart.o(i.HAL_UART_IRQHandler)
    HAL_UART_Init                            0x08001b8d   Thumb Code   106  stm32f3xx_hal_uart.o(i.HAL_UART_Init)
    HAL_UART_MspInit                         0x08001bf9   Thumb Code   192  stm32f3xx_hal_msp.o(i.HAL_UART_MspInit)
    HAL_UART_Receive                         0x08001ccd   Thumb Code   230  stm32f3xx_hal_uart.o(i.HAL_UART_Receive)
    HAL_UART_Receive_IT                      0x08001db3   Thumb Code   140  stm32f3xx_hal_uart.o(i.HAL_UART_Receive_IT)
    HAL_UART_RxCpltCallback                  0x08001e41   Thumb Code    32  main.o(i.HAL_UART_RxCpltCallback)
    HAL_UART_Transmit                        0x08001e6d   Thumb Code   180  stm32f3xx_hal_uart.o(i.HAL_UART_Transmit)
    HAL_UART_TxCpltCallback                  0x08001f21   Thumb Code     2  stm32f3xx_hal_uart.o(i.HAL_UART_TxCpltCallback)
    HardFault_Handler                        0x08001f23   Thumb Code     2  stm32f3xx_it.o(i.HardFault_Handler)
    ITM_SendChar                             0x08001f25   Thumb Code    32  retarget_io.o(i.ITM_SendChar)
    MemManage_Handler                        0x08002035   Thumb Code     2  stm32f3xx_it.o(i.MemManage_Handler)
    NMI_Handler                              0x08002037   Thumb Code     2  stm32f3xx_it.o(i.NMI_Handler)
    PendSV_Handler                           0x08002059   Thumb Code     2  stm32f3xx_it.o(i.PendSV_Handler)
    SVC_Handler                              0x0800205b   Thumb Code     2  stm32f3xx_it.o(i.SVC_Handler)
    SysTick_Handler                          0x0800205d   Thumb Code     4  stm32f3xx_it.o(i.SysTick_Handler)
    SystemClock_Config                       0x08002061   Thumb Code    88  main.o(i.SystemClock_Config)
    SystemInit                               0x080020b9   Thumb Code    82  system_stm32f3xx.o(i.SystemInit)
    UART4_IRQHandler                         0x08002121   Thumb Code     6  stm32f3xx_it.o(i.UART4_IRQHandler)
    UART5_IRQHandler                         0x0800212d   Thumb Code     6  stm32f3xx_it.o(i.UART5_IRQHandler)
    UART_AdvFeatureConfig                    0x08002139   Thumb Code   200  stm32f3xx_hal_uart.o(i.UART_AdvFeatureConfig)
    UART_CheckIdleState                      0x08002201   Thumb Code    92  stm32f3xx_hal_uart.o(i.UART_CheckIdleState)
    UART_EndTransmit_IT                      0x0800228d   Thumb Code    26  stm32f3xx_hal_uart.o(i.UART_EndTransmit_IT)
    UART_Receive_IT                          0x080022a7   Thumb Code   118  stm32f3xx_hal_uart.o(i.UART_Receive_IT)
    UART_SetConfig                           0x0800231d   Thumb Code   434  stm32f3xx_hal_uart.o(i.UART_SetConfig)
    UART_Transmit_IT                         0x080024f5   Thumb Code   100  stm32f3xx_hal_uart.o(i.UART_Transmit_IT)
    UART_WaitOnFlagUntilTimeout              0x08002559   Thumb Code   100  stm32f3xx_hal_uart.o(i.UART_WaitOnFlagUntilTimeout)
    UsageFault_Handler                       0x080025bd   Thumb Code     2  stm32f3xx_it.o(i.UsageFault_Handler)
    __0printf                                0x080025c1   Thumb Code    22  printfa.o(i.__0printf)
    __1printf                                0x080025c1   Thumb Code     0  printfa.o(i.__0printf)
    __2printf                                0x080025c1   Thumb Code     0  printfa.o(i.__0printf)
    __c89printf                              0x080025c1   Thumb Code     0  printfa.o(i.__0printf)
    printf                                   0x080025c1   Thumb Code     0  printfa.o(i.__0printf)
    __0snprintf                              0x080025e1   Thumb Code    44  printfa.o(i.__0snprintf)
    __1snprintf                              0x080025e1   Thumb Code     0  printfa.o(i.__0snprintf)
    __2snprintf                              0x080025e1   Thumb Code     0  printfa.o(i.__0snprintf)
    __c89snprintf                            0x080025e1   Thumb Code     0  printfa.o(i.__0snprintf)
    snprintf                                 0x080025e1   Thumb Code     0  printfa.o(i.__0snprintf)
    __ARM_fpclassify                         0x08002611   Thumb Code    48  fpclassify.o(i.__ARM_fpclassify)
    __hardfp_atan                            0x08002641   Thumb Code   622  atan.o(i.__hardfp_atan)
    __hardfp_atof                            0x08002919   Thumb Code    44  atof.o(i.__hardfp_atof)
    __kernel_poly                            0x08002951   Thumb Code   248  poly.o(i.__kernel_poly)
    __mathlib_dbl_infnan                     0x08002a49   Thumb Code    20  dunder.o(i.__mathlib_dbl_infnan)
    __mathlib_dbl_underflow                  0x08002a61   Thumb Code    24  dunder.o(i.__mathlib_dbl_underflow)
    __read_errno                             0x08002a81   Thumb Code     6  errno.o(i.__read_errno)
    __scatterload_copy                       0x08002a8d   Thumb Code    14  handlers.o(i.__scatterload_copy)
    __scatterload_null                       0x08002a9b   Thumb Code     2  handlers.o(i.__scatterload_null)
    __scatterload_zeroinit                   0x08002a9d   Thumb Code    14  handlers.o(i.__scatterload_zeroinit)
    __set_errno                              0x08002aad   Thumb Code     6  errno.o(i.__set_errno)
    _is_digit                                0x08002c3d   Thumb Code    14  scanf_fp.o(i._is_digit)
    fabs                                     0x08003391   Thumb Code    24  fabs.o(i.fabs)
    float_to_char                            0x080033a9   Thumb Code    24  main.o(i.float_to_char)
    fputc                                    0x080033cd   Thumb Code    16  retarget_io.o(i.fputc)
    main                                     0x080033e1   Thumb Code   684  main.o(i.main)
    aPLLMULFactorTable                       0x080036c4   Data          16  stm32f3xx_hal_rcc.o(.constdata)
    aPredivFactorTable                       0x080036d4   Data          16  stm32f3xx_hal_rcc.o(.constdata)
    AHBPrescTable                            0x080036e4   Data          16  system_stm32f3xx.o(.constdata)
    APBPrescTable                            0x080036f4   Data           8  system_stm32f3xx.o(.constdata)
    __ctype_categories                       0x08003798   Data          64  ctype_c.o(.constdata)
    Region$$Table$$Base                      0x080037d8   Number         0  anon$$obj.o(Region$$Table)
    Region$$Table$$Limit                     0x080037f8   Number         0  anon$$obj.o(Region$$Table)
    size                                     0x20000000   Data           2  main.o(.data)
    latitude_degrees                         0x20000002   Data           2  main.o(.data)
    longitude_degrees                        0x20000004   Data           3  main.o(.data)
    Lat_in_DD                                0x20000008   Data           4  main.o(.data)
    Long_in_DD                               0x2000000c   Data           4  main.o(.data)
    Lat_stepper                              0x20000010   Data           4  main.o(.data)
    Long_stepper                             0x20000014   Data           4  main.o(.data)
    Lat_gps1                                 0x20000018   Data           4  main.o(.data)
    Long_gps1                                0x2000001c   Data           4  main.o(.data)
    Lat_gps2                                 0x20000020   Data           4  main.o(.data)
    Long_gps2                                0x20000024   Data           4  main.o(.data)
    delx_1                                   0x20000028   Data           4  main.o(.data)
    dely_1                                   0x2000002c   Data           4  main.o(.data)
    delx_2                                   0x20000030   Data           4  main.o(.data)
    dely_2                                   0x20000034   Data           4  main.o(.data)
    utc_time                                 0x20000038   Data           4  main.o(.data)
    latitude_minutes                         0x2000003c   Data           8  main.o(.data)
    longitude_minutes                        0x20000044   Data           8  main.o(.data)
    angle_in_degrees                         0x20000050   Data           8  main.o(.data)
    mslope1                                  0x20000058   Data           8  main.o(.data)
    mslope2                                  0x20000060   Data           8  main.o(.data)
    diff_m                                   0x20000068   Data           8  main.o(.data)
    angle_rad                                0x20000070   Data           8  main.o(.data)
    uwTickFreq                               0x20000078   Data           1  stm32f3xx_hal.o(.data)
    uwTickPrio                               0x2000007c   Data           4  stm32f3xx_hal.o(.data)
    uwTick                                   0x20000080   Data           4  stm32f3xx_hal.o(.data)
    SystemCoreClock                          0x20000084   Data           4  system_stm32f3xx.o(.data)
    __stdout                                 0x20000088   Data           4  stdout.o(.data)
    huart4                                   0x20000090   Data         112  main.o(.bss)
    huart5                                   0x20000100   Data         112  main.o(.bss)
    rx_data                                  0x20000170   Data         700  main.o(.bss)
    tell_time                                0x2000042c   Data           9  main.o(.bss)
    buffer                                   0x20000435   Data          10  main.o(.bss)
    __initial_sp                             0x20000840   Data           0  startup_stm32f303xe.o(STACK)



==============================================================================

Memory Map of the image

  Image Entry point : 0x08000195

  Load Region LR_IROM1 (Base: 0x08000000, Size: 0x00003888, Max: 0x00080000, ABSOLUTE)

    Execution Region ER_IROM1 (Exec base: 0x08000000, Load base: 0x08000000, Size: 0x000037f8, Max: 0x00080000, ABSOLUTE)

    Exec Addr    Load Addr    Size         Type   Attr      Idx    E Section Name        Object

    0x08000000   0x08000000   0x00000194   Data   RO            3    RESET               startup_stm32f303xe.o
    0x08000194   0x08000194   0x00000000   Code   RO         2324  * .ARM.Collect$$$$00000000  mc_w.l(entry.o)
    0x08000194   0x08000194   0x00000004   Code   RO         2637    .ARM.Collect$$$$00000001  mc_w.l(entry2.o)
    0x08000198   0x08000198   0x00000004   Code   RO         2640    .ARM.Collect$$$$00000004  mc_w.l(entry5.o)
    0x0800019c   0x0800019c   0x00000000   Code   RO         2642    .ARM.Collect$$$$00000008  mc_w.l(entry7b.o)
    0x0800019c   0x0800019c   0x00000000   Code   RO         2644    .ARM.Collect$$$$0000000A  mc_w.l(entry8b.o)
    0x0800019c   0x0800019c   0x00000008   Code   RO         2645    .ARM.Collect$$$$0000000B  mc_w.l(entry9a.o)
    0x080001a4   0x080001a4   0x00000000   Code   RO         2647    .ARM.Collect$$$$0000000D  mc_w.l(entry10a.o)
    0x080001a4   0x080001a4   0x00000000   Code   RO         2649    .ARM.Collect$$$$0000000F  mc_w.l(entry11a.o)
    0x080001a4   0x080001a4   0x00000004   Code   RO         2638    .ARM.Collect$$$$00002712  mc_w.l(entry2.o)
    0x080001a8   0x080001a8   0x00000024   Code   RO            4    .text               startup_stm32f303xe.o
    0x080001cc   0x080001cc   0x00000020   Code   RO         2334    .text               mc_w.l(llushr.o)
    0x080001ec   0x080001ec   0x00000024   Code   RO         2338    .text               mc_w.l(memseta.o)
    0x08000210   0x08000210   0x0000014e   Code   RO         2603    .text               mf_w.l(dadd.o)
    0x0800035e   0x0800035e   0x000000e4   Code   RO         2605    .text               mf_w.l(dmul.o)
    0x08000442   0x08000442   0x000000de   Code   RO         2607    .text               mf_w.l(ddiv.o)
    0x08000520   0x08000520   0x00000026   Code   RO         2609    .text               mf_w.l(f2d.o)
    0x08000546   0x08000546   0x00000038   Code   RO         2611    .text               mf_w.l(d2f.o)
    0x0800057e   0x0800057e   0x0000002c   Code   RO         2651    .text               mc_w.l(uidiv.o)
    0x080005aa   0x080005aa   0x00000062   Code   RO         2653    .text               mc_w.l(uldiv.o)
    0x0800060c   0x0800060c   0x0000001e   Code   RO         2655    .text               mc_w.l(llshl.o)
    0x0800062a   0x0800062a   0x00000024   Code   RO         2657    .text               mc_w.l(llsshr.o)
    0x0800064e   0x0800064e   0x00000002   PAD
    0x08000650   0x08000650   0x0000009c   Code   RO         2666    .text               mc_w.l(strtod.o)
    0x080006ec   0x080006ec   0x00000000   Code   RO         2668    .text               mc_w.l(iusefp.o)
    0x080006ec   0x080006ec   0x0000006e   Code   RO         2669    .text               mf_w.l(fepilogue.o)
    0x0800075a   0x0800075a   0x000000ba   Code   RO         2671    .text               mf_w.l(depilogue.o)
    0x08000814   0x08000814   0x00000030   Code   RO         2675    .text               mf_w.l(dfixul.o)
    0x08000844   0x08000844   0x00000030   Code   RO         2677    .text               mf_w.l(cdrcmple.o)
    0x08000874   0x08000874   0x00000024   Code   RO         2679    .text               mc_w.l(init.o)
    0x08000898   0x08000898   0x0000000a   Code   RO         2681    .text               mc_w.l(isspace_c.o)
    0x080008a2   0x080008a2   0x00000002   PAD
    0x080008a4   0x080008a4   0x00000360   Code   RO         2683    .text               mc_w.l(scanf_fp.o)
    0x08000c04   0x08000c04   0x00000040   Code   RO         2687    .text               mc_w.l(_sgetc.o)
    0x08000c44   0x08000c44   0x00000028   Code   RO         2689    .text               mc_w.l(ctype_c.o)
    0x08000c6c   0x08000c6c   0x00000018   Code   RO         2692    .text               mf_w.l(dfltul.o)
    0x08000c84   0x08000c84   0x00000002   Code   RO          195    i.BusFault_Handler  stm32f3xx_it.o
    0x08000c86   0x08000c86   0x00000002   Code   RO          196    i.DebugMon_Handler  stm32f3xx_it.o
    0x08000c88   0x08000c88   0x0000004a   Code   RO         1159    i.HAL_DMA_Abort_IT  stm32f3xx_hal_dma.o
    0x08000cd2   0x08000cd2   0x00000002   PAD
    0x08000cd4   0x08000cd4   0x00000024   Code   RO          776    i.HAL_Delay         stm32f3xx_hal.o
    0x08000cf8   0x08000cf8   0x000001cc   Code   RO         1093    i.HAL_GPIO_Init     stm32f3xx_hal_gpio.o
    0x08000ec4   0x08000ec4   0x0000000a   Code   RO         1095    i.HAL_GPIO_ReadPin  stm32f3xx_hal_gpio.o
    0x08000ece   0x08000ece   0x00000002   PAD
    0x08000ed0   0x08000ed0   0x0000000c   Code   RO          780    i.HAL_GetTick       stm32f3xx_hal.o
    0x08000edc   0x08000edc   0x00000010   Code   RO          786    i.HAL_IncTick       stm32f3xx_hal.o
    0x08000eec   0x08000eec   0x00000024   Code   RO          787    i.HAL_Init          stm32f3xx_hal.o
    0x08000f10   0x08000f10   0x00000040   Code   RO          788    i.HAL_InitTick      stm32f3xx_hal.o
    0x08000f50   0x08000f50   0x0000002c   Code   RO          283    i.HAL_MspInit       stm32f3xx_hal_msp.o
    0x08000f7c   0x08000f7c   0x00000016   Code   RO         1261    i.HAL_NVIC_EnableIRQ  stm32f3xx_hal_cortex.o
    0x08000f92   0x08000f92   0x00000002   PAD
    0x08000f94   0x08000f94   0x00000040   Code   RO         1267    i.HAL_NVIC_SetPriority  stm32f3xx_hal_cortex.o
    0x08000fd4   0x08000fd4   0x00000024   Code   RO         1268    i.HAL_NVIC_SetPriorityGrouping  stm32f3xx_hal_cortex.o
    0x08000ff8   0x08000ff8   0x00000294   Code   RO         1050    i.HAL_RCCEx_PeriphCLKConfig  stm32f3xx_hal_rcc_ex.o
    0x0800128c   0x0800128c   0x00000144   Code   RO          944    i.HAL_RCC_ClockConfig  stm32f3xx_hal_rcc.o
    0x080013d0   0x080013d0   0x00000030   Code   RO          951    i.HAL_RCC_GetPCLK1Freq  stm32f3xx_hal_rcc.o
    0x08001400   0x08001400   0x00000030   Code   RO          952    i.HAL_RCC_GetPCLK2Freq  stm32f3xx_hal_rcc.o
    0x08001430   0x08001430   0x00000058   Code   RO          953    i.HAL_RCC_GetSysClockFreq  stm32f3xx_hal_rcc.o
    0x08001488   0x08001488   0x00000598   Code   RO          956    i.HAL_RCC_OscConfig  stm32f3xx_hal_rcc.o
    0x08001a20   0x08001a20   0x00000028   Code   RO         1272    i.HAL_SYSTICK_Config  stm32f3xx_hal_cortex.o
    0x08001a48   0x08001a48   0x00000002   Code   RO          720    i.HAL_UARTEx_WakeupCallback  stm32f3xx_hal_uart_ex.o
    0x08001a4a   0x08001a4a   0x00000002   Code   RO          377    i.HAL_UART_ErrorCallback  stm32f3xx_hal_uart.o
    0x08001a4c   0x08001a4c   0x00000140   Code   RO          380    i.HAL_UART_IRQHandler  stm32f3xx_hal_uart.o
    0x08001b8c   0x08001b8c   0x0000006a   Code   RO          381    i.HAL_UART_Init     stm32f3xx_hal_uart.o
    0x08001bf6   0x08001bf6   0x00000002   PAD
    0x08001bf8   0x08001bf8   0x000000d4   Code   RO          285    i.HAL_UART_MspInit  stm32f3xx_hal_msp.o
    0x08001ccc   0x08001ccc   0x000000e6   Code   RO          384    i.HAL_UART_Receive  stm32f3xx_hal_uart.o
    0x08001db2   0x08001db2   0x0000008c   Code   RO          386    i.HAL_UART_Receive_IT  stm32f3xx_hal_uart.o
    0x08001e3e   0x08001e3e   0x00000002   PAD
    0x08001e40   0x08001e40   0x0000002c   Code   RO           14    i.HAL_UART_RxCpltCallback  main.o
    0x08001e6c   0x08001e6c   0x000000b4   Code   RO          389    i.HAL_UART_Transmit  stm32f3xx_hal_uart.o
    0x08001f20   0x08001f20   0x00000002   Code   RO          392    i.HAL_UART_TxCpltCallback  stm32f3xx_hal_uart.o
    0x08001f22   0x08001f22   0x00000002   Code   RO          197    i.HardFault_Handler  stm32f3xx_it.o
    0x08001f24   0x08001f24   0x00000024   Code   RO         2235    i.ITM_SendChar      retarget_io.o
    0x08001f48   0x08001f48   0x00000094   Code   RO           15    i.MX_GPIO_Init      main.o
    0x08001fdc   0x08001fdc   0x0000002c   Code   RO           16    i.MX_UART4_Init     main.o
    0x08002008   0x08002008   0x0000002c   Code   RO           17    i.MX_UART5_Init     main.o
    0x08002034   0x08002034   0x00000002   Code   RO          198    i.MemManage_Handler  stm32f3xx_it.o
    0x08002036   0x08002036   0x00000002   Code   RO          199    i.NMI_Handler       stm32f3xx_it.o
    0x08002038   0x08002038   0x00000020   Code   RO         1274    i.NVIC_SetPriority  stm32f3xx_hal_cortex.o
    0x08002058   0x08002058   0x00000002   Code   RO          200    i.PendSV_Handler    stm32f3xx_it.o
    0x0800205a   0x0800205a   0x00000002   Code   RO          201    i.SVC_Handler       stm32f3xx_it.o
    0x0800205c   0x0800205c   0x00000004   Code   RO          202    i.SysTick_Handler   stm32f3xx_it.o
    0x08002060   0x08002060   0x00000058   Code   RO           18    i.SystemClock_Config  main.o
    0x080020b8   0x080020b8   0x00000068   Code   RO         2200    i.SystemInit        system_stm32f3xx.o
    0x08002120   0x08002120   0x0000000c   Code   RO          203    i.UART4_IRQHandler  stm32f3xx_it.o
    0x0800212c   0x0800212c   0x0000000c   Code   RO          204    i.UART5_IRQHandler  stm32f3xx_it.o
    0x08002138   0x08002138   0x000000c8   Code   RO          394    i.UART_AdvFeatureConfig  stm32f3xx_hal_uart.o
    0x08002200   0x08002200   0x0000005c   Code   RO          395    i.UART_CheckIdleState  stm32f3xx_hal_uart.o
    0x0800225c   0x0800225c   0x00000014   Code   RO          396    i.UART_DMAAbortOnError  stm32f3xx_hal_uart.o
    0x08002270   0x08002270   0x0000001c   Code   RO          406    i.UART_EndRxTransfer  stm32f3xx_hal_uart.o
    0x0800228c   0x0800228c   0x0000001a   Code   RO          407    i.UART_EndTransmit_IT  stm32f3xx_hal_uart.o
    0x080022a6   0x080022a6   0x00000076   Code   RO          409    i.UART_Receive_IT   stm32f3xx_hal_uart.o
    0x0800231c   0x0800231c   0x000001d8   Code   RO          410    i.UART_SetConfig    stm32f3xx_hal_uart.o
    0x080024f4   0x080024f4   0x00000064   Code   RO          411    i.UART_Transmit_IT  stm32f3xx_hal_uart.o
    0x08002558   0x08002558   0x00000064   Code   RO          412    i.UART_WaitOnFlagUntilTimeout  stm32f3xx_hal_uart.o
    0x080025bc   0x080025bc   0x00000002   Code   RO          205    i.UsageFault_Handler  stm32f3xx_it.o
    0x080025be   0x080025be   0x00000002   PAD
    0x080025c0   0x080025c0   0x00000020   Code   RO         2575    i.__0printf         mc_w.l(printfa.o)
    0x080025e0   0x080025e0   0x00000030   Code   RO         2576    i.__0snprintf       mc_w.l(printfa.o)
    0x08002610   0x08002610   0x00000030   Code   RO         2633    i.__ARM_fpclassify  m_wm.l(fpclassify.o)
    0x08002640   0x08002640   0x000002d8   Code   RO         2304    i.__hardfp_atan     m_wm.l(atan.o)
    0x08002918   0x08002918   0x00000038   Code   RO         2318    i.__hardfp_atof     m_wm.l(atof.o)
    0x08002950   0x08002950   0x000000f8   Code   RO         2635    i.__kernel_poly     m_wm.l(poly.o)
    0x08002a48   0x08002a48   0x00000014   Code   RO         2614    i.__mathlib_dbl_infnan  m_wm.l(dunder.o)
    0x08002a5c   0x08002a5c   0x00000004   PAD
    0x08002a60   0x08002a60   0x00000020   Code   RO         2619    i.__mathlib_dbl_underflow  m_wm.l(dunder.o)
    0x08002a80   0x08002a80   0x0000000c   Code   RO         2660    i.__read_errno      mc_w.l(errno.o)
    0x08002a8c   0x08002a8c   0x0000000e   Code   RO         2696    i.__scatterload_copy  mc_w.l(handlers.o)
    0x08002a9a   0x08002a9a   0x00000002   Code   RO         2697    i.__scatterload_null  mc_w.l(handlers.o)
    0x08002a9c   0x08002a9c   0x0000000e   Code   RO         2698    i.__scatterload_zeroinit  mc_w.l(handlers.o)
    0x08002aaa   0x08002aaa   0x00000002   PAD
    0x08002aac   0x08002aac   0x0000000c   Code   RO         2661    i.__set_errno       mc_w.l(errno.o)
    0x08002ab8   0x08002ab8   0x00000184   Code   RO         2582    i._fp_digits        mc_w.l(printfa.o)
    0x08002c3c   0x08002c3c   0x0000000e   Code   RO         2685    i._is_digit         mc_w.l(scanf_fp.o)
    0x08002c4a   0x08002c4a   0x00000002   PAD
    0x08002c4c   0x08002c4c   0x000006dc   Code   RO         2583    i._printf_core      mc_w.l(printfa.o)
    0x08003328   0x08003328   0x00000024   Code   RO         2584    i._printf_post_padding  mc_w.l(printfa.o)
    0x0800334c   0x0800334c   0x0000002e   Code   RO         2585    i._printf_pre_padding  mc_w.l(printfa.o)
    0x0800337a   0x0800337a   0x00000016   Code   RO         2586    i._snputc           mc_w.l(printfa.o)
    0x08003390   0x08003390   0x00000018   Code   RO         2629    i.fabs              m_wm.l(fabs.o)
    0x080033a8   0x080033a8   0x00000024   Code   RO           19    i.float_to_char     main.o
    0x080033cc   0x080033cc   0x00000014   Code   RO         2240    i.fputc             retarget_io.o
    0x080033e0   0x080033e0   0x000002e4   Code   RO           20    i.main              main.o
    0x080036c4   0x080036c4   0x00000020   Data   RO          957    .constdata          stm32f3xx_hal_rcc.o
    0x080036e4   0x080036e4   0x00000010   Data   RO         2201    .constdata          system_stm32f3xx.o
    0x080036f4   0x080036f4   0x00000008   Data   RO         2202    .constdata          system_stm32f3xx.o
    0x080036fc   0x080036fc   0x00000004   PAD
    0x08003700   0x08003700   0x00000098   Data   RO         2307    .constdata          m_wm.l(atan.o)
    0x08003798   0x08003798   0x00000040   Data   RO         2690    .constdata          mc_w.l(ctype_c.o)
    0x080037d8   0x080037d8   0x00000020   Data   RO         2694    Region$$Table       anon$$obj.o


    Execution Region RW_IRAM1 (Exec base: 0x20000000, Load base: 0x080037f8, Size: 0x00000840, Max: 0x00010000, ABSOLUTE)

    Exec Addr    Load Addr    Size         Type   Attr      Idx    E Section Name        Object

    0x20000000   0x080037f8   0x00000078   Data   RW           22    .data               main.o
    0x20000078   0x08003870   0x0000000c   Data   RW          794    .data               stm32f3xx_hal.o
    0x20000084   0x0800387c   0x00000004   Data   RW         2203    .data               system_stm32f3xx.o
    0x20000088   0x08003880   0x00000004   Data   RW         2332    .data               mc_w.l(stdout.o)
    0x2000008c   0x08003884   0x00000004   Data   RW         2662    .data               mc_w.l(errno.o)
    0x20000090        -       0x000003af   Zero   RW           21    .bss                main.o
    0x2000043f   0x08003888   0x00000001   PAD
    0x20000440        -       0x00000400   Zero   RW            1    STACK               startup_stm32f303xe.o


==============================================================================

Image component sizes


      Code (inc. data)   RO Data    RW Data    ZI Data      Debug   Object Name

      1144        106          0        120        943     624924   main.o
        56          8          0          0          0       3391   retarget_io.o
        36          8        404          0       1024        848   startup_stm32f303xe.o
       164         28          0         12          0      16785   stm32f3xx_hal.o
       194         14          0          0          0      30487   stm32f3xx_hal_cortex.o
        74          0          0          0          0       1107   stm32f3xx_hal_dma.o
       470         38          0          0          0       2451   stm32f3xx_hal_gpio.o
       256         26          0          0          0       1757   stm32f3xx_hal_msp.o
      1940         70         32          0          0       5836   stm32f3xx_hal_rcc.o
       660         12          0          0          0       1728   stm32f3xx_hal_rcc_ex.o
      2136         62          0          0          0      13910   stm32f3xx_hal_uart.o
         2          0          0          0          0        960   stm32f3xx_hal_uart_ex.o
        44         12          0          0          0       5156   stm32f3xx_it.o
       104         22         24          4          0       1199   system_stm32f3xx.o

    ----------------------------------------------------------------------
      7292        406        496        136       1968     710539   Object Totals
         0          0         32          0          0          0   (incl. Generated)
        12          0          4          0          1          0   (incl. Padding)

    ----------------------------------------------------------------------

      Code (inc. data)   RO Data    RW Data    ZI Data      Debug   Library Member Name

       728        106        152          0          0        228   atan.o
        56         12          0          0          0        132   atof.o
        52          8          0          0          0        248   dunder.o
        24          0          0          0          0        124   fabs.o
        48          0          0          0          0        124   fpclassify.o
       248          0          0          0          0        152   poly.o
        64          0          0          0          0         84   _sgetc.o
        40          6         64          0          0         68   ctype_c.o
         0          0          0          0          0          0   entry.o
         0          0          0          0          0          0   entry10a.o
         0          0          0          0          0          0   entry11a.o
         8          4          0          0          0          0   entry2.o
         4          0          0          0          0          0   entry5.o
         0          0          0          0          0          0   entry7b.o
         0          0          0          0          0          0   entry8b.o
         8          4          0          0          0          0   entry9a.o
        24         12          0          4          0        136   errno.o
        30          0          0          0          0          0   handlers.o
        36          8          0          0          0         68   init.o
        10          0          0          0          0         68   isspace_c.o
         0          0          0          0          0          0   iusefp.o
        30          0          0          0          0         68   llshl.o
        36          0          0          0          0         68   llsshr.o
        32          0          0          0          0         68   llushr.o
        36          0          0          0          0        108   memseta.o
      2328         94          0          0          0        604   printfa.o
       878         12          0          0          0        216   scanf_fp.o
         0          0          0          4          0          0   stdout.o
       156         12          0          0          0        120   strtod.o
        44          0          0          0          0         80   uidiv.o
        98          0          0          0          0         92   uldiv.o
        48          0          0          0          0         68   cdrcmple.o
        56          0          0          0          0         88   d2f.o
       334          0          0          0          0        148   dadd.o
       222          0          0          0          0        100   ddiv.o
       186          0          0          0          0        176   depilogue.o
        48          0          0          0          0         68   dfixul.o
        24          0          0          0          0         76   dfltul.o
       228          0          0          0          0         96   dmul.o
        38          0          0          0          0         68   f2d.o
       110          0          0          0          0        168   fepilogue.o

    ----------------------------------------------------------------------
      6324        278        216          8          0       3912   Library Totals
        12          0          0          0          0          0   (incl. Padding)

    ----------------------------------------------------------------------

      Code (inc. data)   RO Data    RW Data    ZI Data      Debug   Library Name

      1156        126        152          0          0       1008   m_wm.l
      3862        152         64          8          0       1848   mc_w.l
      1294          0          0          0          0       1056   mf_w.l

    ----------------------------------------------------------------------
      6324        278        216          8          0       3912   Library Totals

    ----------------------------------------------------------------------

==============================================================================


      Code (inc. data)   RO Data    RW Data    ZI Data      Debug   

     13616        684        712        144       1968     707299   Grand Totals
     13616        684        712        144       1968     707299   ELF Image Totals
     13616        684        712        144          0          0   ROM Totals

==============================================================================

    Total RO  Size (Code + RO Data)                14328 (  13.99kB)
    Total RW  Size (RW Data + ZI Data)              2112 (   2.06kB)
    Total ROM Size (Code + RO Data + RW Data)      14472 (  14.13kB)

==============================================================================

